01-01 00:06:59.951     0     0 D KERNEL  :  SUBSYSTEM=platform
01-01 00:06:59.951     0     0 D KERNEL  :  DEVICE=+platform:sst-platform
01-01 00:06:59.951     0     0 D KERNEL  : sst-platform sst-platform: ASoC: no handler specified for kcontrol modem_in
01-01 00:06:59.951     0     0 D KERNEL  :  SUBSYSTEM=platform
01-01 00:06:59.951     0     0 D KERNEL  :  DEVICE=+platform:sst-platform
01-01 00:06:59.951     0     0 D KERNEL  : sst-platform sst-platform:  adding DAPM widget mixer control bt_in at 1
01-01 00:06:59.951     0     0 D KERNEL  :  SUBSYSTEM=platform
01-01 00:06:59.951     0     0 D KERNEL  :  DEVICE=+platform:sst-platform
01-01 00:06:59.951     0     0 D KERNEL  : sst-platform sst-platform: ASoC: no handler specified for kcontrol bt_in
01-01 00:06:59.951     0     0 D KERNEL  :  SUBSYSTEM=platform
01-01 00:06:59.951     0     0 D KERNEL  :  DEVICE=+platform:sst-platform
01-01 00:06:59.951     0     0 D KERNEL  : sst-platform sst-platform:  adding DAPM widget mixer control codec_in0 at 2
01-01 00:06:59.951     0     0 D KERNEL  :  SUBSYSTEM=platform
01-01 00:06:59.951     0     0 D KERNEL  :  DEVICE=+platform:sst-platform
01-01 00:06:59.951     0     0 D KERNEL  : sst-platform sst-platform: ASoC: no handler specified for kcontrol codec_in0
01-01 00:06:59.951     0     0 D KERNEL  :  SUBSYSTEM=platform
01-01 00:06:59.951     0     0 D KERNEL  :  DEVICE=+platform:sst-platform
01-01 00:06:59.951     0     0 D KERNEL  : sst-platform sst-platform:  adding DAPM widget mixer control codec_in1 at 3
01-01 00:06:59.951     0     0 D KERNEL  :  SUBSYSTEM=platform
01-01 00:06:59.951     0     0 D KERNEL  :  DEVICE=+platform:sst-platform
01-01 00:06:59.951     0     0 D KERNEL  : sst-platform sst-platform: ASoC: no handler specified for kcontrol codec_in1
01-01 00:06:59.951     0     0 D KERNEL  :  SUBSYSTEM=platform
01-01 00:06:59.951     0     0 D KERNEL  :  DEVICE=+platform:sst-platform
01-01 00:06:59.951     0     0 D KERNEL  : sst-platform sst-platform:  adding DAPM widget mixer control sprot_loop_in at 4
01-01 00:06:59.951     0     0 D KERNEL  :  SUBSYSTEM=platform
01-01 00:06:59.951     0     0 D KERNEL  :  DEVICE=+platform:sst-platform
01-01 00:06:59.951     0     0 D KERNEL  : sst-platform sst-platform: ASoC: no handler specified for kcontrol sprot_loop_in
01-01 00:06:59.951     0     0 D KERNEL  :  SUBSYSTEM=platform
01-01 00:06:59.951     0     0 D KERNEL  :  DEVICE=+platform:sst-platform
01-01 00:06:59.951     0     0 D KERNEL  : sst-platform sst-platform:  adding DAPM widget mixer control media_loop1_in at 5
01-01 00:06:59.951     0     0 D KERNEL  :  SUBSYSTEM=platform
01-01 00:06:59.951     0     0 D KERNEL  :  DEVICE=+platform:sst-platform
01-01 00:06:59.951     0     0 D KERNEL  : sst-platform sst-platform: ASoC: no handler specified for kcontrol media_loop1_in
01-01 00:06:59.951     0     0 D KERNEL  :  SUBSYSTEM=platform
01-01 00:06:59.951     0     0 D KERNEL  :  DEVICE=+platform:sst-platform
01-01 00:06:59.951     0     0 D KERNEL  : sst-platform sst-platform:  adding DAPM widget mixer control media_loop2_in at 6
01-01 00:06:59.951     0     0 D KERNEL  :  SUBSYSTEM=platform
01-01 00:06:59.951     0     0 D KERNEL  :  DEVICE=+platform:sst-platform
01-01 00:06:59.951     0     0 D KERNEL  : sst-platform sst-platform: ASoC: no handler specified for kcontrol media_loop2_in
01-01 00:06:59.951     0     0 D KERNEL  :  SUBSYSTEM=platform
01-01 00:06:59.951     0     0 D KERNEL  :  DEVICE=+platform:sst-platform
01-01 00:06:59.951     0     0 D KERNEL  : sst-platform sst-platform:  adding DAPM widget mixer control sidetone_in at 7
01-01 00:06:59.951     0     0 D KERNEL  :  SUBSYSTEM=platform
01-01 00:06:59.951     0     0 D KERNEL  :  DEVICE=+platform:sst-platform
01-01 00:06:59.951     0     0 D KERNEL  : sst-platform sst-platform: ASoC: no handler specified for kcontrol sidetone_in
01-01 00:06:59.951     0     0 D KERNEL  :  SUBSYSTEM=platform
01-01 00:06:59.951     0     0 D KERNEL  :  DEVICE=+platform:sst-platform
01-01 00:06:59.951     0     0 D KERNEL  : sst-platform sst-platform:  adding DAPM widget mixer control txspeech_in at 8
01-01 00:06:59.951     0     0 D KERNEL  :  SUBSYSTEM=platform
01-01 00:06:59.951     0     0 D KERNEL  :  DEVICE=+platform:sst-platform
01-01 00:06:59.951     0     0 D KERNEL  : sst-platform sst-platform: ASoC: no handler specified for kcontrol txspeech_in
01-01 00:06:59.951     0     0 D KERNEL  :  SUBSYSTEM=platform
01-01 00:06:59.951     0     0 D KERNEL  :  DEVICE=+platform:sst-platform
01-01 00:06:59.951     0     0 D KERNEL  : sst-platform sst-platform:  adding DAPM widget mixer control speech_in at 9
01-01 00:06:59.951     0     0 D KERNEL  :  SUBSYSTEM=platform
01-01 00:06:59.951     0     0 D KERNEL  :  DEVICE=+platform:sst-platform
01-01 00:06:59.951     0     0 D KERNEL  : sst-platform sst-platform: ASoC: no handler specified for kcontrol speech_in
01-01 00:06:59.951     0     0 D KERNEL  :  SUBSYSTEM=platform
01-01 00:06:59.951     0     0 D KERNEL  :  DEVICE=+platform:sst-platform
01-01 00:06:59.951     0     0 D KERNEL  : sst-platform sst-platform:  adding DAPM widget mixer control tone_in at 10
01-01 00:06:59.951     0     0 D KERNEL  :  SUBSYSTEM=platform
01-01 00:06:59.951     0     0 D KERNEL  :  DEVICE=+platform:sst-platform
01-01 00:06:59.951     0     0 D KERNEL  : sst-platform sst-platform: ASoC: no handler specified for kcontrol tone_in
01-01 00:06:59.951     0     0 D KERNEL  :  SUBSYSTEM=platform
01-01 00:06:59.951     0     0 D KERNEL  :  DEVICE=+platform:sst-platform
01-01 00:06:59.951     0     0 D KERNEL  : sst-platform sst-platform:  adding DAPM widget mixer control voip_in at 11
01-01 00:06:59.951     0     0 D KERNEL  :  SUBSYSTEM=platform
01-01 00:06:59.951     0     0 D KERNEL  :  DEVICE=+platform:sst-platform
01-01 00:06:59.951     0     0 D KERNEL  : sst-platform sst-platform: ASoC: no handler specified for kcontrol voip_in
01-01 00:06:59.951     0     0 D KERNEL  :  SUBSYSTEM=platform
01-01 00:06:59.951     0     0 D KERNEL  :  DEVICE=+platform:sst-platform
01-01 00:06:59.951     0     0 D KERNEL  : sst-platform sst-platform:  adding DAPM widget mixer control pcm0_in at 12
01-01 00:06:59.951     0     0 D KERNEL  :  SUBSYSTEM=platform
01-01 00:06:59.951     0     0 D KERNEL  :  DEVICE=+platform:sst-platform
01-01 00:06:59.951     0     0 D KERNEL  : sst-platform sst-platform: ASoC: no handler specified for kcontrol pcm0_in
01-01 00:06:59.951     0     0 D KERNEL  :  SUBSYSTEM=platform
01-01 00:06:59.951     0     0 D KERNEL  :  DEVICE=+platform:sst-platform
01-01 00:06:59.951     0     0 D KERNEL  : sst-platform sst-platform:  adding DAPM widget mixer control pcm1_in at 13
01-01 00:06:59.951     0     0 D KERNEL  :  SUBSYSTEM=platform
01-01 00:06:59.951     0     0 D KERNEL  :  DEVICE=+platform:sst-platform
01-01 00:06:59.951     0     0 D KERNEL  : sst-platform sst-platform: ASoC: no handler specified for kcontrol pcm1_in
01-01 00:06:59.951     0     0 D KERNEL  :  SUBSYSTEM=platform
01-01 00:06:59.951     0     0 D KERNEL  :  DEVICE=+platform:sst-platform
01-01 00:06:59.951     0     0 D KERNEL  : sst-platform sst-platform:  adding DAPM widget mixer control pcm2_in at 14
01-01 00:06:59.951     0     0 D KERNEL  :  SUBSYSTEM=platform
01-01 00:06:59.951     0     0 D KERNEL  :  DEVICE=+platform:sst-platform
01-01 00:06:59.951     0     0 D KERNEL  : sst-platform sst-platform: ASoC: no handler specified for kcontrol pcm2_in
01-01 00:06:59.951     0     0 D KERNEL  :  SUBSYSTEM=platform
01-01 00:06:59.951     0     0 D KERNEL  :  DEVICE=+platform:sst-platform
01-01 00:06:59.951     0     0 D KERNEL  : sst-platform sst-platform:  adding DAPM widget mixer control low_pcm0_in at 15
01-01 00:06:59.951     0     0 D KERNEL  :  SUBSYSTEM=platform
01-01 00:06:59.951     0     0 D KERNEL  :  DEVICE=+platform:sst-platform
01-01 00:06:59.951     0     0 D KERNEL  : sst-platform sst-platform: ASoC: no handler specified for kcontrol low_pcm0_in
01-01 00:06:59.951     0     0 D KERNEL  :  SUBSYSTEM=platform
01-01 00:06:59.951     0     0 D KERNEL  :  DEVICE=+platform:sst-platform
01-01 00:06:59.951     0     0 D KERNEL  : sst-platform sst-platform:  adding DAPM widget mixer control fm_in at 16
01-01 00:06:59.951     0     0 D KERNEL  :  SUBSYSTEM=platform
01-01 00:06:59.951     0     0 D KERNEL  :  DEVICE=+platform:sst-platform
01-01 00:06:59.951     0     0 D KERNEL  : sst-platform sst-platform: ASoC: no handler specified for kcontrol fm_in
01-01 00:06:59.951     0     0 D KERNEL  :  SUBSYSTEM=platform
01-01 00:06:59.951     0     0 D KERNEL  :  DEVICE=+platform:sst-platform
01-01 00:06:59.951     0     0 D KERNEL  : sst-platform sst-platform: ASoC: creating DAPM widget modem_out mix 0 id 5
01-01 00:06:59.951     0     0 D KERNEL  :  SUBSYSTEM=platform
01-01 00:06:59.951     0     0 D KERNEL  :  DEVICE=+platform:sst-platform
01-01 00:06:59.951     0     0 D KERNEL  : sst-platform sst-platform: ASoC: widget modem_out mix 0 has 17 controls of type 6a6a01
01-01 00:06:59.951     0     0 D KERNEL  :  SUBSYSTEM=platform
01-01 00:06:59.951     0     0 D KERNEL  :  DEVICE=+platform:sst-platform
01-01 00:06:59.951     0     0 D KERNEL  : sst-platform sst-platform:  adding DAPM widget mixer control modem_in at 0
01-01 00:06:59.951     0     0 D KERNEL  :  SUBSYSTEM=platform
01-01 00:06:59.951     0     0 D KERNEL  :  DEVICE=+platform:sst-platform
01-01 00:06:59.951     0     0 D KERNEL  : sst-platform sst-platform: ASoC: no handler specified for kcontrol modem_in
01-01 00:06:59.951     0     0 D KERNEL  :  SUBSYSTEM=platform
01-01 00:06:59.951     0     0 D KERNEL  :  DEVICE=+platform:sst-platform
01-01 00:06:59.951     0     0 D KERNEL  : sst-platform sst-platform:  adding DAPM widget mixer control bt_in at 1
01-01 00:06:59.951     0     0 D KERNEL  :  SUBSYSTEM=platform
01-01 00:06:59.951     0     0 D KERNEL  :  DEVICE=+platform:sst-platform
01-01 00:06:59.951     0     0 D KERNEL  : sst-platform sst-platform: ASoC: no handler specified for kcontrol bt_in
01-01 00:06:59.951     0     0 D KERNEL  :  SUBSYSTEM=platform
01-01 00:06:59.951     0     0 D KERNEL  :  DEVICE=+platform:sst-platform
01-01 00:06:59.951     0     0 D KERNEL  : sst-platform sst-platform:  adding DAPM widget mixer control codec_in0 at 2
01-01 00:06:59.951     0     0 D KERNEL  :  SUBSYSTEM=platform
01-01 00:06:59.951     0     0 D KERNEL  :  DEVICE=+platform:sst-platform
01-01 00:06:59.951     0     0 D KERNEL  : sst-platform sst-platform: ASoC: no handler specified for kcontrol codec_in0
01-01 00:06:59.951     0     0 D KERNEL  :  SUBSYSTEM=platform
01-01 00:06:59.951     0     0 D KERNEL  :  DEVICE=+platform:sst-platform
01-01 00:06:59.951     0     0 D KERNEL  : sst-platform sst-platform:  adding DAPM widget mixer control codec_in1 at 3
01-01 00:06:59.951     0     0 D KERNEL  :  SUBSYSTEM=platform
01-01 00:06:59.951     0     0 D KERNEL  :  DEVICE=+platform:sst-platform
01-01 00:06:59.951     0     0 D KERNEL  : sst-platform sst-platform: ASoC: no handler specified for kcontrol codec_in1
01-01 00:06:59.951     0     0 D KERNEL  :  SUBSYSTEM=platform
01-01 00:06:59.951     0     0 D KERNEL  :  DEVICE=+platform:sst-platform
01-01 00:06:59.951     0     0 D KERNEL  : sst-platform sst-platform:  adding DAPM widget mixer control sprot_loop_in at 4
01-01 00:06:59.951     0     0 D KERNEL  :  SUBSYSTEM=platform
01-01 00:06:59.951     0     0 D KERNEL  :  DEVICE=+platform:sst-platform
01-01 00:06:59.951     0     0 D KERNEL  : sst-platform sst-platform: ASoC: no handler specified for kcontrol sprot_loop_in
01-01 00:06:59.951     0     0 D KERNEL  :  SUBSYSTEM=platform
01-01 00:06:59.951     0     0 D KERNEL  :  DEVICE=+platform:sst-platform
01-01 00:06:59.951     0     0 D KERNEL  : sst-platform sst-platform:  adding DAPM widget mixer control media_loop1_in at 5
01-01 00:06:59.951     0     0 D KERNEL  :  SUBSYSTEM=platform
01-01 00:06:59.951     0     0 D KERNEL  :  DEVICE=+platform:sst-platform
01-01 00:06:59.951     0     0 D KERNEL  : sst-platform sst-platform: ASoC: no handler specified for kcontrol media_loop1_in
01-01 00:06:59.951     0     0 D KERNEL  :  SUBSYSTEM=platform
01-01 00:06:59.951     0     0 D KERNEL  :  DEVICE=+platform:sst-platform
01-01 00:06:59.951     0     0 D KERNEL  : sst-platform sst-platform:  adding DAPM widget mixer control media_loop2_in at 6
01-01 00:06:59.951     0     0 D KERNEL  :  SUBSYSTEM=platform
01-01 00:06:59.951     0     0 D KERNEL  :  DEVICE=+platform:sst-platform
01-01 00:06:59.951     0     0 D KERNEL  : sst-platform sst-platform: ASoC: no handler specified for kcontrol media_loop2_in
01-01 00:06:59.951     0     0 D KERNEL  :  SUBSYSTEM=platform
01-01 00:06:59.951     0     0 D KERNEL  :  DEVICE=+platform:sst-platform
01-01 00:06:59.951     0     0 D KERNEL  : sst-platform sst-platform:  adding DAPM widget mixer control sidetone_in at 7
01-01 00:06:59.951     0     0 D KERNEL  :  SUBSYSTEM=platform
01-01 00:06:59.951     0     0 D KERNEL  :  DEVICE=+platform:sst-platform
01-01 00:06:59.951     0     0 D KERNEL  : sst-platform sst-platform: ASoC: no handler specified for kcontrol sidetone_in
01-01 00:06:59.951     0     0 D KERNEL  :  SUBSYSTEM=platform
01-01 00:06:59.951     0     0 D KERNEL  :  DEVICE=+platform:sst-platform
01-01 00:06:59.951     0     0 D KERNEL  : sst-platform sst-platform:  adding DAPM widget mixer control txspeech_in at 8
01-01 00:06:59.951     0     0 D KERNEL  :  SUBSYSTEM=platform
01-01 00:06:59.951     0     0 D KERNEL  :  DEVICE=+platform:sst-platform
01-01 00:06:59.951     0     0 D KERNEL  : sst-platform sst-platform: ASoC: no handler specified for kcontrol txspeech_in
01-01 00:06:59.951     0     0 D KERNEL  :  SUBSYSTEM=platform
01-01 00:06:59.951     0     0 D KERNEL  :  DEVICE=+platform:sst-platform
01-01 00:06:59.951     0     0 D KERNEL  : sst-platform sst-platform:  adding DAPM widget mixer control speech_in at 9
01-01 00:06:59.951     0     0 D KERNEL  :  SUBSYSTEM=platform
01-01 00:06:59.951     0     0 D KERNEL  :  DEVICE=+platform:sst-platform
01-01 00:06:59.951     0     0 D KERNEL  : sst-platform sst-platform: ASoC: no handler specified for kcontrol speech_in
01-01 00:06:59.951     0     0 D KERNEL  :  SUBSYSTEM=platform
01-01 00:06:59.951     0     0 D KERNEL  :  DEVICE=+platform:sst-platform
01-01 00:06:59.951     0     0 D KERNEL  : sst-platform sst-platform:  adding DAPM widget mixer control tone_in at 10
01-01 00:06:59.951     0     0 D KERNEL  :  SUBSYSTEM=platform
01-01 00:06:59.951     0     0 D KERNEL  :  DEVICE=+platform:sst-platform
01-01 00:06:59.951     0     0 D KERNEL  : sst-platform sst-platform: ASoC: no handler specified for kcontrol tone_in
01-01 00:06:59.951     0     0 D KERNEL  :  SUBSYSTEM=platform
01-01 00:06:59.951     0     0 D KERNEL  :  DEVICE=+platform:sst-platform
01-01 00:06:59.951     0     0 D KERNEL  : sst-platform sst-platform:  adding DAPM widget mixer control voip_in at 11
01-01 00:06:59.951     0     0 D KERNEL  :  SUBSYSTEM=platform
01-01 00:06:59.951     0     0 D KERNEL  :  DEVICE=+platform:sst-platform
01-01 00:06:59.951     0     0 D KERNEL  : sst-platform sst-platform: ASoC: no handler specified for kcontrol voip_in
01-01 00:06:59.951     0     0 D KERNEL  :  SUBSYSTEM=platform
01-01 00:06:59.951     0     0 D KERNEL  :  DEVICE=+platform:sst-platform
01-01 00:06:59.951     0     0 D KERNEL  : sst-platform sst-platform:  adding DAPM widget mixer control pcm0_in at 12
01-01 00:06:59.951     0     0 D KERNEL  :  SUBSYSTEM=platform
01-01 00:06:59.951     0     0 D KERNEL  :  DEVICE=+platform:sst-platform
01-01 00:06:59.951     0     0 D KERNEL  : sst-platform sst-platform: ASoC: no handler specified for kcontrol pcm0_in
01-01 00:06:59.951     0     0 D KERNEL  :  SUBSYSTEM=platform
01-01 00:06:59.951     0     0 D KERNEL  :  DEVICE=+platform:sst-platform
01-01 00:06:59.951     0     0 D KERNEL  : sst-platform sst-platform:  adding DAPM widget mixer control pcm1_in at 13
01-01 00:06:59.951     0     0 D KERNEL  :  SUBSYSTEM=platform
01-01 00:06:59.951     0     0 D KERNEL  :  DEVICE=+platform:sst-platform
01-01 00:06:59.951     0     0 D KERNEL  : sst-platform sst-platform: ASoC: no handler specified for kcontrol pcm1_in
01-01 00:06:59.951     0     0 D KERNEL  :  SUBSYSTEM=platform
01-01 00:06:59.951     0     0 D KERNEL  :  DEVICE=+platform:sst-platform
01-01 00:06:59.951     0     0 D KERNEL  : sst-platform sst-platform:  adding DAPM widget mixer control pcm2_in at 14
01-01 00:06:59.951     0     0 D KERNEL  :  SUBSYSTEM=platform
01-01 00:06:59.951     0     0 D KERNEL  :  DEVICE=+platform:sst-platform
01-01 00:06:59.951     0     0 D KERNEL  : sst-platform sst-platform: ASoC: no handler specified for kcontrol pcm2_in
01-01 00:06:59.951     0     0 D KERNEL  :  SUBSYSTEM=platform
01-01 00:06:59.951     0     0 D KERNEL  :  DEVICE=+platform:sst-platform
01-01 00:06:59.951     0     0 D KERNEL  : sst-platform sst-platform:  adding DAPM widget mixer control low_pcm0_in at 15
01-01 00:06:59.951     0     0 D KERNEL  :  SUBSYSTEM=platform
01-01 00:06:59.951     0     0 D KERNEL  :  DEVICE=+platform:sst-platform
01-01 00:06:59.951     0     0 D KERNEL  : sst-platform sst-platform: ASoC: no handler specified for kcontrol low_pcm0_in
01-01 00:06:59.951     0     0 D KERNEL  :  SUBSYSTEM=platform
01-01 00:06:59.951     0     0 D KERNEL  :  DEVICE=+platform:sst-platform
01-01 00:06:59.951     0     0 D KERNEL  : sst-platform sst-platform:  adding DAPM widget mixer control fm_in at 16
01-01 00:06:59.951     0     0 D KERNEL  :  SUBSYSTEM=platform
01-01 00:06:59.951     0     0 D KERNEL  :  DEVICE=+platform:sst-platform
01-01 00:06:59.951     0     0 D KERNEL  : sst-platform sst-platform: ASoC: no handler specified for kcontrol fm_in
01-01 00:06:59.951     0     0 D KERNEL  :  SUBSYSTEM=platform
01-01 00:06:59.951     0     0 D KERNEL  :  DEVICE=+platform:sst-platform
01-01 00:06:59.951     0     0 D KERNEL  : sst-platform sst-platform: ASoC: creating DAPM widget ssp1_out mux 0 id 2
01-01 00:06:59.951     0     0 D KERNEL  :  SUBSYSTEM=platform
01-01 00:06:59.951     0     0 D KERNEL  :  DEVICE=+platform:sst-platform
01-01 00:06:59.951     0     0 D KERNEL  : sst-platform sst-platform: ASoC: widget ssp1_out mux 0 has 1 controls of type 686806
01-01 00:06:59.951     0     0 D KERNEL  :  SUBSYSTEM=platform
01-01 00:06:59.951     0     0 D KERNEL  :  DEVICE=+platform:sst-platform
01-01 00:06:59.951     0     0 D KERNEL  : sst-platform sst-platform:  adding DAPM widget enum control ssp1_out 0
01-01 00:06:59.951     0     0 D KERNEL  :  SUBSYSTEM=platform
01-01 00:06:59.951     0     0 D KERNEL  :  DEVICE=+platform:sst-platform
01-01 00:06:59.952     0     0 D KERNEL  : sst-platform sst-platform: ASoC: no handler specified for kcontrol ssp1_out 0
01-01 00:06:59.952     0     0 D KERNEL  :  SUBSYSTEM=platform
01-01 00:06:59.952     0     0 D KERNEL  :  DEVICE=+platform:sst-platform
01-01 00:06:59.952     0     0 D KERNEL  : ASoC: No event type registered
01-01 00:06:59.952     0     0 D KERNEL  : sst-platform sst-platform: ASoC: creating DAPM widget aware_out aware 0 id 16
01-01 00:06:59.952     0     0 D KERNEL  :  SUBSYSTEM=platform
01-01 00:06:59.952     0     0 D KERNEL  :  DEVICE=+platform:sst-platform
01-01 00:06:59.952     0     0 D KERNEL  : sst-platform sst-platform: ASoC: widget aware_out aware 0 has 1 controls of type 6a6a01
01-01 00:06:59.952     0     0 D KERNEL  :  SUBSYSTEM=platform
01-01 00:06:59.952     0     0 D KERNEL  :  DEVICE=+platform:sst-platform
01-01 00:06:59.952     0     0 D KERNEL  : sst-platform sst-platform:  adding DAPM widget mixer control switch at 0
01-01 00:06:59.952     0     0 D KERNEL  :  SUBSYSTEM=platform
01-01 00:06:59.952     0     0 D KERNEL  :  DEVICE=+platform:sst-platform
01-01 00:06:59.952     0     0 D KERNEL  : sst-platform sst-platform: ASoC: no handler specified for kcontrol switch
01-01 00:06:59.952     0     0 D KERNEL  :  SUBSYSTEM=platform
01-01 00:06:59.952     0     0 D KERNEL  :  DEVICE=+platform:sst-platform
01-01 00:06:59.952     0     0 D KERNEL  : ASoC: No event type registered
01-01 00:06:59.952     0     0 D KERNEL  : sst-platform sst-platform: ASoC: creating DAPM widget vad_out vad 0 id 16
01-01 00:06:59.952     0     0 D KERNEL  :  SUBSYSTEM=platform
01-01 00:06:59.952     0     0 D KERNEL  :  DEVICE=+platform:sst-platform
01-01 00:06:59.952     0     0 D KERNEL  : sst-platform sst-platform: ASoC: widget vad_out vad 0 has 1 controls of type 6a6a01
01-01 00:06:59.952     0     0 D KERNEL  :  SUBSYSTEM=platform
01-01 00:06:59.952     0     0 D KERNEL  :  DEVICE=+platform:sst-platform
01-01 00:06:59.952     0     0 D KERNEL  : sst-platform sst-platform:  adding DAPM widget mixer control switch at 0
01-01 00:06:59.952     0     0 D KERNEL  :  SUBSYSTEM=platform
01-01 00:06:59.952     0     0 D KERNEL  :  DEVICE=+platform:sst-platform
01-01 00:06:59.952     0     0 D KERNEL  : sst-platform sst-platform: ASoC: no handler specified for kcontrol switch
01-01 00:06:59.952     0     0 D KERNEL  :  SUBSYSTEM=platform
01-01 00:06:59.952     0     0 D KERNEL  :  DEVICE=+platform:sst-platform
01-01 00:06:59.952     0     0 D KERNEL  : ASoC: No event type registered
01-01 00:06:59.952     0     0 D KERNEL  : sst-platform sst-platform: ASoC: creating DAPM widget tone_in tone_generator 0 id 16
01-01 00:06:59.952     0     0 D KERNEL  :  SUBSYSTEM=platform
01-01 00:06:59.952     0     0 D KERNEL  :  DEVICE=+platform:sst-platform
01-01 00:06:59.952     0     0 D KERNEL  : sst-platform sst-platform: ASoC: widget tone_in tone_generator 0 has 1 controls of type 6a6a01
01-01 00:06:59.952     0     0 D KERNEL  :  SUBSYSTEM=platform
01-01 00:06:59.952     0     0 D KERNEL  :  DEVICE=+platform:sst-platform
01-01 00:06:59.952     0     0 D KERNEL  : sst-platform sst-platform:  adding DAPM widget mixer control switch at 0
01-01 00:06:59.952     0     0 D KERNEL  :  SUBSYSTEM=platform
01-01 00:06:59.952     0     0 D KERNEL  :  DEVICE=+platform:sst-platform
01-01 00:06:59.952     0     0 D KERNEL  : sst-platform sst-platform: ASoC: no handler specified for kcontrol switch
01-01 00:06:59.952     0     0 D KERNEL  :  SUBSYSTEM=platform
01-01 00:06:59.952     0     0 D KERNEL  :  DEVICE=+platform:sst-platform
01-01 00:06:59.952     0     0 D KERNEL  : ASoC: No event type registered
01-01 00:06:59.952     0     0 D KERNEL  : sst-platform sst-platform: ASoC: Got 0xde40 bytes of type 2 version 0 vendor 0 at pass 2
01-01 00:06:59.952     0     0 D KERNEL  :  SUBSYSTEM=platform
01-01 00:06:59.952     0     0 D KERNEL  :  DEVICE=+platform:sst-platform
01-01 00:06:59.952     0     0 D KERNEL  : sst-platform sst-platform: ASoC: Got 0x11ffa bytes of type 3 version 0 vendor 0 at pass 3
01-01 00:06:59.952     0     0 D KERNEL  :  SUBSYSTEM=platform
01-01 00:06:59.952     0     0 D KERNEL  :  DEVICE=+platform:sst-platform
01-01 00:06:59.952     0     0 D KERNEL  : sst-platform sst-platform: ASoC: adding 431 DAPM routes
01-01 00:06:59.952     0     0 D KERNEL  :  SUBSYSTEM=platform
01-01 00:06:59.952     0     0 D KERNEL  :  DEVICE=+platform:sst-platform
01-01 00:06:59.954     0     0 E KERNEL  : sst-platform sst-platform: ASoC: no sink widget found for vtsv
01-01 00:06:59.954     0     0 E KERNEL  :  SUBSYSTEM=platform
01-01 00:06:59.954     0     0 E KERNEL  :  DEVICE=+platform:sst-platform
01-01 00:06:59.954     0     0 E KERNEL  : sst-platform sst-platform: ASoC: Failed to add route vad_out -> direct -> vtsv
01-01 00:06:59.954     0     0 E KERNEL  :  SUBSYSTEM=platform
01-01 00:06:59.954     0     0 E KERNEL  :  DEVICE=+platform:sst-platform
01-01 00:06:59.956     0     0 E KERNEL  : sst-platform sst-platform: ASoC: no source widget found for Low Latency Playback
01-01 00:06:59.956     0     0 E KERNEL  :  SUBSYSTEM=platform
01-01 00:06:59.956     0     0 E KERNEL  :  DEVICE=+platform:sst-platform
01-01 00:06:59.956     0     0 E KERNEL  : sst-platform sst-platform: ASoC: Failed to add route Low Latency Playback -> direct -> low_pcm0_in
01-01 00:06:59.956     0     0 E KERNEL  :  SUBSYSTEM=platform
01-01 00:06:59.956     0     0 E KERNEL  :  DEVICE=+platform:sst-platform
01-01 00:07:00.003     0     0 I KERNEL  : Codec driver version 0.0.6 alsa 1.0.25
01-01 00:07:03.015     0     0 E KERNEL  : i2c_designware 808622C1:01: controller timed out
01-01 00:07:03.015     0     0 E KERNEL  :  SUBSYSTEM=platform
01-01 00:07:03.015     0     0 E KERNEL  :  DEVICE=+platform:808622C1:01
01-01 00:07:06.116     0     0 E KERNEL  : i2c_designware 808622C1:01: controller timed out
01-01 00:07:06.116     0     0 E KERNEL  :  SUBSYSTEM=platform
01-01 00:07:06.116     0     0 E KERNEL  :  DEVICE=+platform:808622C1:01
01-01 00:07:09.116     0     0 E KERNEL  : i2c_designware 808622C1:01: controller timed out
01-01 00:07:09.116     0     0 E KERNEL  :  SUBSYSTEM=platform
01-01 00:07:09.116     0     0 E KERNEL  :  DEVICE=+platform:808622C1:01
01-01 00:07:10.299  2220  2220 I auditd  : type=1403 audit(0.0:2): policy loaded auid=4294967295 ses=4294967295
01-01 00:07:12.127     0     0 E KERNEL  : i2c_designware 808622C1:01: controller timed out
01-01 00:07:12.127     0     0 E KERNEL  :  SUBSYSTEM=platform
01-01 00:07:12.127     0     0 E KERNEL  :  DEVICE=+platform:808622C1:01
01-01 00:07:12.988     0     0 I KERNEL  : dollar_cove_ti_cc dollar_cove_ti_cc: CC OFFSET = 0 GAIN = 6
01-01 00:07:12.988     0     0 I KERNEL  :  SUBSYSTEM=platform
01-01 00:07:12.988     0     0 I KERNEL  :  DEVICE=+platform:dollar_cove_ti_cc
01-01 00:07:13.042     0     0 W KERNEL  : snd-soc-dummy snd-soc-dummy: ASoC: Failed to create platform debugfs directory
01-01 00:07:13.042     0     0 W KERNEL  :  SUBSYSTEM=platform
01-01 00:07:13.042     0     0 W KERNEL  :  DEVICE=+platform:snd-soc-dummy
01-01 00:07:13.053     0     0 E KERNEL  : acpi_get_gpiod base=414, pin=91
01-01 00:07:13.057     0     0 I KERNEL  : cht_audio_init: GPIOs - JD/BP-int: 505 (pol = 0, val = 1)
01-01 00:07:13.066     0     0 E KERNEL  : cht_rt5672 cht_rt5672: ASoC: unknown pin HPOL
01-01 00:07:13.066     0     0 E KERNEL  :  SUBSYSTEM=platform
01-01 00:07:13.066     0     0 E KERNEL  :  DEVICE=+platform:cht_rt5672
01-01 00:07:13.072     0     0 E KERNEL  : cht_rt5672 cht_rt5672: ASoC: unknown pin HPOR
01-01 00:07:13.072     0     0 E KERNEL  :  SUBSYSTEM=platform
01-01 00:07:13.072     0     0 E KERNEL  :  DEVICE=+platform:cht_rt5672
01-01 00:07:13.078     0     0 E KERNEL  : cht_rt5672 cht_rt5672: ASoC: unknown pin SPOL
01-01 00:07:13.078     0     0 E KERNEL  :  SUBSYSTEM=platform
01-01 00:07:13.078     0     0 E KERNEL  :  DEVICE=+platform:cht_rt5672
01-01 00:07:13.084     0     0 E KERNEL  : cht_rt5672 cht_rt5672: ASoC: unknown pin SPOR
01-01 00:07:13.084     0     0 E KERNEL  :  SUBSYSTEM=platform
01-01 00:07:13.084     0     0 E KERNEL  :  DEVICE=+platform:cht_rt5672
01-01 00:07:13.091     0     0 I KERNEL  : cht_rt5672 cht_rt5672: snd-soc-dummy-dai <-> Headset-cpu-dai mapping ok
01-01 00:07:13.091     0     0 I KERNEL  :  SUBSYSTEM=platform
01-01 00:07:13.091     0     0 I KERNEL  :  DEVICE=+platform:cht_rt5672
01-01 00:07:13.099     0     0 I KERNEL  : cht_rt5672 cht_rt5672: snd-soc-dummy-dai <-> Deepbuffer-cpu-dai mapping ok
01-01 00:07:13.099     0     0 I KERNEL  :  SUBSYSTEM=platform
01-01 00:07:13.099     0     0 I KERNEL  :  DEVICE=+platform:cht_rt5672
01-01 00:07:13.109     0     0 I KERNEL  : compress asoc: snd-soc-dummy-dai <-> Compress-cpu-dai mapping ok
01-01 00:07:13.117     0     0 I KERNEL  : cht_rt5672 cht_rt5672: snd-soc-dummy-dai <-> Voip-cpu-dai mapping ok
01-01 00:07:13.117     0     0 I KERNEL  :  SUBSYSTEM=platform
01-01 00:07:13.117     0     0 I KERNEL  :  DEVICE=+platform:cht_rt5672
01-01 00:07:13.126     0     0 I KERNEL  : cht_rt5672 cht_rt5672: snd-soc-dummy-dai <-> Probe-cpu-dai mapping ok
01-01 00:07:13.126     0     0 I KERNEL  :  SUBSYSTEM=platform
01-01 00:07:13.126     0     0 I KERNEL  :  DEVICE=+platform:cht_rt5672
01-01 00:07:13.136     0     0 I KERNEL  : cht_rt5672 cht_rt5672: rt5670-aif1 <-> ssp2-port mapping ok
01-01 00:07:13.136     0     0 I KERNEL  :  SUBSYSTEM=platform
01-01 00:07:13.136     0     0 I KERNEL  :  DEVICE=+platform:cht_rt5672
01-01 00:07:13.143     0     0 I KERNEL  : cht_rt5672 cht_rt5672: snd-soc-dummy-dai <-> snd-soc-dummy-dai mapping ok
01-01 00:07:13.143     0     0 I KERNEL  :  SUBSYSTEM=platform
01-01 00:07:13.143     0     0 I KERNEL  :  DEVICE=+platform:cht_rt5672
01-01 00:07:13.152     0     0 I KERNEL  : cht_rt5672 cht_rt5672: snd-soc-dummy-dai <-> snd-soc-dummy-dai mapping ok
01-01 00:07:13.152     0     0 I KERNEL  :  SUBSYSTEM=platform
01-01 00:07:13.152     0     0 I KERNEL  :  DEVICE=+platform:cht_rt5672
01-01 00:07:13.168     0     0 E KERNEL  : rt5670 i2c-10EC5670:00: ASoC: mux Mono ADC R Mux has no paths
01-01 00:07:13.168     0     0 E KERNEL  :  SUBSYSTEM=i2c
01-01 00:07:13.168     0     0 E KERNEL  :  DEVICE=+i2c:i2c-10EC5670:00
01-01 00:07:13.176     0     0 E KERNEL  : rt5670 i2c-10EC5670:00: ASoC: mux Mono ADC L Mux has no paths
01-01 00:07:13.176     0     0 E KERNEL  :  SUBSYSTEM=i2c
01-01 00:07:13.176     0     0 E KERNEL  :  DEVICE=+i2c:i2c-10EC5670:00
01-01 00:07:13.185     0     0 E KERNEL  : rt5670 i2c-10EC5670:00: ASoC: mux INR Mux has no paths
01-01 00:07:13.185     0     0 E KERNEL  :  SUBSYSTEM=i2c
01-01 00:07:13.185     0     0 E KERNEL  :  DEVICE=+i2c:i2c-10EC5670:00
01-01 00:07:13.192     0     0 E KERNEL  : rt5670 i2c-10EC5670:00: ASoC: mux INL Mux has no paths
01-01 00:07:13.192     0     0 E KERNEL  :  SUBSYSTEM=i2c
01-01 00:07:13.192     0     0 E KERNEL  :  DEVICE=+i2c:i2c-10EC5670:00
01-01 00:07:13.241     0     0 I KERNEL  : input: cherrytrailaud Intel MID Audio Jack as /devices/platform/cht_rt5672/sound/card1/input7
01-01 00:07:13.254     0     0 I KERNEL  : snd_cht_mc_probe successful
01-01 00:07:13.259     0     0 I KERNEL  : Cherrytrail Machine Driver cht_aic31xx registerd
01-01 00:07:13.266     0     0 I KERNEL  : ALSA device list:
01-01 00:07:13.269     0     0 I KERNEL  :   #0: 
01-01 00:07:13.271     0     0 I KERNEL  :   #1: cherrytrailaud
01-01 00:07:13.283     0     0 I KERNEL  : Freeing unused kernel memory: 1404K (ffffffff82368000 - ffffffff824c7000)
01-01 00:07:13.292     0     0 I KERNEL  : Write protecting the kernel read-only data: 18432k
01-01 00:07:13.324     0     0 I KERNEL  : Freeing unused kernel memory: 1084K (ffff880001af1000 - ffff880001c00000)
01-01 00:07:13.335     0     0 I KERNEL  : Freeing unused kernel memory: 120K (ffff8800021e2000 - ffff880002200000)
01-01 00:07:13.358     0     0 I KERNEL  : intel_fuel_gauge intel_fuel_gauge: boot up voltage:4187186
01-01 00:07:13.358     0     0 I KERNEL  :  SUBSYSTEM=platform
01-01 00:07:13.358     0     0 I KERNEL  :  DEVICE=+platform:intel_fuel_gauge
01-01 00:07:13.360     0     0 D KERNEL  : SELinux: 2048 avtab hash slots, 4797 rules.
01-01 00:07:13.366     0     0 D KERNEL  : SELinux: 2048 avtab hash slots, 4797 rules.
01-01 00:07:13.366     0     0 D KERNEL  : SELinux:  1 users, 2 roles, 398 types, 0 bools, 1 sens, 1024 cats
01-01 00:07:13.366     0     0 D KERNEL  : SELinux:  86 classes, 4797 rules
01-01 00:07:13.368     0     0 D KERNEL  : SELinux:  Completing initialization.
01-01 00:07:13.368     0     0 D KERNEL  : SELinux:  Setting up existing superblocks.
01-01 00:07:13.368     0     0 D KERNEL  : SELinux: initialized (dev tmpfs, type tmpfs), uses transition SIDs
01-01 00:07:13.368     0     0 D KERNEL  : SELinux: initialized (dev rootfs, type rootfs), uses genfs_contexts
01-01 00:07:13.368     0     0 D KERNEL  : SELinux: initialized (dev bdev, type bdev), not configured for labeling
01-01 00:07:13.368     0     0 D KERNEL  : SELinux: initialized (dev proc, type proc), uses genfs_contexts
01-01 00:07:13.368     0     0 D KERNEL  : SELinux: initialized (dev devtmpfs, type devtmpfs), uses transition SIDs
01-01 00:07:13.369     0     0 D KERNEL  : SELinux: initialized (dev debugfs, type debugfs), uses genfs_contexts
01-01 00:07:13.380     0     0 D KERNEL  : SELinux: initialized (dev sockfs, type sockfs), uses task SIDs
01-01 00:07:13.380     0     0 D KERNEL  : SELinux: initialized (dev pipefs, type pipefs), uses task SIDs
01-01 00:07:13.380     0     0 D KERNEL  : SELinux: initialized (dev anon_inodefs, type anon_inodefs), not configured for labeling
01-01 00:07:13.380     0     0 D KERNEL  : SELinux: initialized (dev aio, type aio), not configured for labeling
01-01 00:07:13.380     0     0 D KERNEL  : SELinux: initialized (dev devpts, type devpts), uses transition SIDs
01-01 00:07:13.381     0     0 D KERNEL  : SELinux: initialized (dev hugetlbfs, type hugetlbfs), not configured for labeling
01-01 00:07:13.381     0     0 D KERNEL  : SELinux: initialized (dev mqueue, type mqueue), uses transition SIDs
01-01 00:07:13.381     0     0 D KERNEL  : SELinux: initialized (dev selinuxfs, type selinuxfs), uses genfs_contexts
01-01 00:07:13.381     0     0 D KERNEL  : SELinux: initialized (dev drm, type drm), not configured for labeling
01-01 00:07:13.381     0     0 D KERNEL  : SELinux: initialized (dev configfs, type configfs), not configured for labeling
01-01 00:07:13.381     0     0 D KERNEL  : SELinux: initialized (dev tmpfs, type tmpfs), uses transition SIDs
01-01 00:07:13.381     0     0 D KERNEL  : SELinux: initialized (dev sysfs, type sysfs), uses genfs_contexts
01-01 00:07:13.552     0     0 I KERNEL  : intel_fuel_gauge intel_fuel_gauge: boot up ibat:0
01-01 00:07:13.552     0     0 I KERNEL  :  SUBSYSTEM=platform
01-01 00:07:13.552     0     0 I KERNEL  :  DEVICE=+platform:intel_fuel_gauge
01-01 00:07:13.648     0     0 I KERNEL  : audit: type=1403 audit(1325376430.299:2): policy loaded auid=4294967295 ses=4294967295
01-01 00:07:14.018     0     0 E KERNEL  : init: /init.aosp.rc: 566: ignored duplicate definition of service 'media'
01-01 00:07:14.032     0     0 D KERNEL  : SELinux: initialized (dev binfmt_misc, type binfmt_misc), uses genfs_contexts
01-01 00:07:15.187     0     0 E KERNEL  : init: /dev/hw_random not found
01-01 00:07:15.192     0     0 I KERNEL  : keychord: using input dev Power Button for fevent
01-01 00:07:15.199     0     0 I KERNEL  : keychord: using input dev Power Button for fevent
01-01 00:07:15.205     0     0 I KERNEL  : keychord: using input dev gpio-keys for fevent
01-01 00:07:15.212     0     0 I KERNEL  : keychord: using input dev gpio-keys for fevent
01-01 00:07:15.218     0     0 I KERNEL  : keychord: using input dev dollar_cove_ti_power_button for fevent
01-01 00:07:15.227     0     0 D KERNEL  : SELinux: initialized (dev cgroup, type cgroup), uses genfs_contexts
01-01 00:07:15.236     0     0 D KERNEL  : SELinux: initialized (dev tmpfs, type tmpfs), uses transition SIDs
01-01 00:07:15.245     0     0 D KERNEL  : SELinux: initialized (dev cgroup, type cgroup), uses genfs_contexts
01-01 00:07:15.259     0     0 D KERNEL  : SELinux: initialized (dev tmpfs, type tmpfs), uses transition SIDs
01-01 00:07:15.267     0     0 D KERNEL  : SELinux: initialized (dev tmpfs, type tmpfs), uses transition SIDs
01-01 00:07:15.280     0     0 D KERNEL  : SELinux: initialized (dev cgroup, type cgroup), uses genfs_contexts
01-01 00:07:15.291     0     0 D KERNEL  : SELinux: initialized (dev pstore, type pstore), uses genfs_contexts
01-01 00:07:15.301     0     0 D KERNEL  : SELinux: initialized (dev tmpfs, type tmpfs), uses transition SIDs
01-01 00:07:15.313     0     0 E KERNEL  : init: /dev/hw_random not found
01-01 00:07:15.331     0     0 I KERNEL  : EXT4-fs (mmcblk0p7): mounted filesystem with ordered data mode. Opts: (null)
01-01 00:07:15.341     0     0 D KERNEL  : SELinux: initialized (dev mmcblk0p7, type ext4), uses xattr
01-01 00:07:15.348     0     0 I KERNEL  : fs_mgr: __mount(source=/dev/block/by-name/android_system,target=/system,type=ext4)=0
01-01 00:07:15.359     0     0 W KERNEL  : EXT4-fs (mmcblk0p8): Ignoring removed nomblk_io_submit option
01-01 00:07:15.374     0     0 I KERNEL  : EXT4-fs (mmcblk0p8): mounted filesystem with ordered data mode. Opts: nomblk_io_submit,errors=remount-ro
01-01 00:07:15.385     0     0 D KERNEL  : SELinux: initialized (dev mmcblk0p8, type ext4), uses xattr
01-01 00:07:15.393     0     0 I KERNEL  : fs_mgr: check_fs(): mount(/dev/block/by-name/android_cache,/cache,ext4)=0
01-01 00:07:15.418     0     0 I KERNEL  : fs_mgr: Running /system/bin/e2fsck on /dev/block/by-name/android_cache
01-01 00:07:15.485     0     0 I KERNEL  : e2fsck: e2fsck 1.42.9 (28-Dec-2013)
01-01 00:07:15.491     0     0 I KERNEL  : e2fsck: /dev/block/by-name/android_cache: clean, 11/16384 files, 2089/65536 blocks
01-01 00:07:15.506     0     0 I KERNEL  : EXT4-fs (mmcblk0p8): mounted filesystem with ordered data mode. Opts: errors=panic
01-01 00:07:15.516     0     0 D KERNEL  : SELinux: initialized (dev mmcblk0p8, type ext4), uses xattr
01-01 00:07:15.523     0     0 I KERNEL  : fs_mgr: __mount(source=/dev/block/by-name/android_cache,target=/cache,type=ext4)=0
01-01 00:07:15.536     0     0 W KERNEL  : EXT4-fs (mmcblk0p9): Ignoring removed nomblk_io_submit option
01-01 00:07:15.536     0     0 I KERNEL  : random: nonblocking pool is initialized
01-01 00:07:15.555     0     0 I KERNEL  : EXT4-fs (mmcblk0p9): mounted filesystem with ordered data mode. Opts: nomblk_io_submit,errors=remount-ro
01-01 00:07:15.567     0     0 D KERNEL  : SELinux: initialized (dev mmcblk0p9, type ext4), uses xattr
01-01 00:07:15.574     0     0 I KERNEL  : fs_mgr: check_fs(): mount(/dev/block/by-name/android_data,/data,ext4)=0
01-01 00:07:15.604     0     0 I KERNEL  : fs_mgr: Running /system/bin/e2fsck on /dev/block/by-name/android_data
01-01 00:07:15.682     0     0 I KERNEL  : e2fsck: e2fsck 1.42.9 (28-Dec-2013)
01-01 00:07:15.688     0     0 I KERNEL  : e2fsck: /dev/block/by-name/android_data: clean, 11/765536 files, 88335/3059456 blocks
01-01 00:07:15.705     0     0 I KERNEL  : EXT4-fs (mmcblk0p9): mounted filesystem with ordered data mode. Opts: errors=panic
01-01 00:07:15.714     0     0 D KERNEL  : SELinux: initialized (dev mmcblk0p9, type ext4), uses xattr
01-01 00:07:15.722     0     0 I KERNEL  : fs_mgr: __mount(source=/dev/block/by-name/android_data,target=/data,type=ext4)=0
01-01 00:07:15.734     0     0 D KERNEL  : SELinux: initialized (dev functionfs, type functionfs), uses genfs_contexts
01-01 00:07:15.776     0     0 I KERNEL  : warning: `dhcpcd' uses 32-bit capabilities (legacy support in use)
01-01 00:07:15.831     0     0 E KERNEL  : init: Warning!  Service bt_test needs a SELinux domain defined; please fix!
01-01 00:07:16.710  2222  2222 I lowmemorykiller: Using in-kernel low memory killer interface
01-01 00:07:16.711  2228  2228 I ITEEKeyMasterD: Connected to MEI client successfully
01-01 00:07:16.773  2216  2216 D SL_FW   : [CEnclavePool /home/rgorby/work/views/silent-lake/sl_sdk/psw/urts/enclave.cpp:395] enter CEnclavePool constructor
01-01 00:07:16.789  2216  2216 D SL_SI   : silentlake disabled.
--------- beginning of system
01-01 00:07:16.853  2224  2224 I Vold    : Vold 2.1 (the revenge) firing up
01-01 00:07:16.853  2224  2224 D Vold    : Volume usbdisk state changing -1 (Initializing) -> 0 (No-Media)
01-01 00:07:16.853  2224  2224 D Vold    : Volume usbdisk2 state changing -1 (Initializing) -> 0 (No-Media)
01-01 00:07:16.853  2224  2224 D Vold    : Volume usbdisk3 state changing -1 (Initializing) -> 0 (No-Media)
01-01 00:07:16.853  2224  2224 D Vold    : Volume usbdisk4 state changing -1 (Initializing) -> 0 (No-Media)
01-01 00:07:16.853  2224  2224 D Vold    : Volume sdcard1 state changing -1 (Initializing) -> 0 (No-Media)
01-01 00:07:17.192  2226  2226 I MultiDisplay: android::intel::MultiDisplayService::MultiDisplayService(): create a MultiDisplay service 0xf6f16120
01-01 00:07:17.193  2226  2226 E MultiDisplay: drmModeConnector* android::intel::getConnector(int, uint32_t): Failed to get conector
01-01 00:07:17.194  2226  2226 E MultiDisplay: drmModeConnector* android::intel::getConnector(int, uint32_t): Failed to get conector
01-01 00:07:17.194  2226  2226 I MultiDisplay: ConnectStatus is 0, mode is 0x0
01-01 00:07:17.195  2223  2223 E SELinux : avc:  denied  { add } for service=display.intel.mds scontext=u:r:surfaceflinger:s0 tcontext=u:object_r:system_server_service:s0 tclass=service_manager
01-01 00:07:17.195  2223  2223 I auditd  : avc:  denied  { add } for service=display.intel.mds scontext=u:r:surfaceflinger:s0 tcontext=u:object_r:system_server_service:s0 tclass=service_manager
01-01 00:07:17.195  2226  2226 I SurfaceFlinger: SurfaceFlinger is starting
01-01 00:07:17.200  2226  2226 I SurfaceFlinger: SurfaceFlinger's main thread ready to run. Initializing graphics H/W...
01-01 00:07:17.389  2373  2373 I pstore-clean: Pstore is clean.
01-01 00:07:17.391  2362  2362 I installd: installd firing up
01-01 00:07:17.391  2362  2362 E cutils  : Failed to read /data/.layout_version: No such file or directory
01-01 00:07:17.408  2359  2359 I         : debuggerd: Mar  6 2015 15:45:38
01-01 00:07:17.410  2374  2374 E cutils  : Failed to read /data/.layout_version: No such file or directory
01-01 00:07:17.410  2374  2374 E sdcard  : installd fs upgrade not yet complete. Waiting...
01-01 00:07:17.415  2365  2365 I ITEEKeyMaster: intel_mei_km_open called
01-01 00:07:17.415  2365  2365 I ITEEKeyMaster: Connected to keymasterd successfully
01-01 00:07:17.415  2365  2365 I ITEEKeyMaster: get_supported_classes called
01-01 00:07:17.417  2365  2365 I ITEEKeyMaster: get_supported_classes returned successfully
01-01 00:07:17.418  2365  2365 I ITEEKeyMaster: get_keymaster_caps called
01-01 00:07:17.418  2365  2365 I ITEEKeyMaster: get_keymaster_caps returned successfully
--------- beginning of radio
01-01 00:07:17.450  2360  2360 D RILD    : **RIL Daemon Started**
01-01 00:07:17.450  2360  2360 D RILD    : **RILd param count=1**
01-01 00:07:17.450  2360  2360 D RILD    : RIL_Init starting sleep loop
01-01 00:07:17.451  2366  2366 E LIBGSMGR: gsm_get_pci_info - Unknown PCH family device ID - 0x229c
01-01 00:07:17.451  2366  2366 E LIBGSMGR: GetStartCapOffset - Capability Lists are not supported by PCI device 0,0,0
01-01 00:07:17.454  2366  2366 E LIBGSMGR: gsm_get_pci_info - Unknown PCH family device ID - 0x229c
01-01 00:07:17.454  2366  2366 E LIBGSMGR: GetStartCapOffset - Capability Lists are not supported by PCI device 0,0,0
01-01 00:07:17.486  2368  2368 D gpsd    : main()
01-01 00:07:17.486  2368  2368 D gpsd    : argv[0] = '/system/bin/gpsd'
01-01 00:07:17.486  2368  2368 D gpsd    : argv[1] = '-c'
01-01 00:07:17.486  2368  2368 D gpsd    : argv[2] = '/system/etc/gps.xml'
01-01 00:07:17.487  2368  2368 D gpsd    : WakeLock(Release,GPSD)
01-01 00:07:17.548  2226  2226 D ufoEGL  : ENV OGL enabled for all processes, use "persist.intel.ogl.procname" to limit it to a single process
01-01 00:07:17.552  2366  2366 D COREU   : CoreU service is now running
01-01 00:07:17.588  2226  2226 D libEGL  : loaded /system/lib/egl/libGLES_intel8.so
01-01 00:07:17.632  2226  2226 I ufoGralloc: Hello, this is UFO GRALLOC/Intel Corporation
01-01 00:07:17.654  2377  2377 I CRASHLOG: Logs root property set: [persist.crashlogd.root]: [/data/logs]
01-01 00:07:17.663  2377  2377 E CRASHLOG: get_sd_size status: 256.
01-01 00:07:17.664  2377  2377 I CRASHLOG: Folders /data/logs and /data/logs/core set to 0777
01-01 00:07:17.664  2377  2377 I CRASHLOG: Current crashlogd mode is NOMINAL MODE
01-01 00:07:17.664  2377  2377 I CRASHLOG: phone enter state: normal start.
01-01 00:07:17.664  2377  2377 I CRASHLOG: Reset history after build update -> eng.heidi.20150306.153804
01-01 00:07:17.665  2358  2358 I Netd    : Netd 1.0 starting
01-01 00:07:17.675  2362  2362 D installd: Upgrading /data/media for multi-user
01-01 00:07:17.678  2362  2362 I SELinux : SELinux: Loaded file_contexts from /file_contexts
01-01 00:07:17.679  2362  2362 D installd: Upgrading to shared /data/media/obb
01-01 00:07:17.679  2368  2368 D gpsd    : CALL_SENTRY(main()): GpsHalPlatfNvStorageInit took 189 ms (from 28961 to 29150) (logOverhead=0,0,0), start: 00:07:17.490
01-01 00:07:17.679  2367  2367 D THERMALD: Linux Thermal Daemon is starting mode 0 : poll_interval 4 :ex_control 0
01-01 00:07:17.679  2367  2367 D THERMALD: thermald is in ITUXD mode
01-01 00:07:17.681  2362  2362 D installd: Upgrading to /data/misc/user directories
01-01 00:07:17.696  2368  2368 D gpsd    : WakeLock(Release,SUPL)
01-01 00:07:17.696  2368  2368 I gpsd    : ro.spid.gps.pmm = enabled => isPmmAllowed = 1
01-01 00:07:17.705  2367  2367 W THERMALD: sysfs read failed /sys/class/powercap/intel-rapl/power/name
01-01 00:07:17.705  2367  2367 W THERMALD: sysfs read failed /sys/class/powercap/intel-rapl/enabled/name
01-01 00:07:17.705  2367  2367 W THERMALD: sysfs read failed /sys/class/powercap/intel-rapl/intel-rapl:0/name/name
01-01 00:07:17.705  2367  2367 W THERMALD: sysfs read failed /sys/class/powercap/intel-rapl/intel-rapl:0/power/name
01-01 00:07:17.705  2367  2367 W THERMALD: sysfs read failed /sys/class/powercap/intel-rapl/intel-rapl:0/constraint_0_time_window_us/name
01-01 00:07:17.705  2367  2367 W THERMALD: sysfs read failed /sys/class/powercap/intel-rapl/intel-rapl:0/constraint_1_power_limit_uw/name
01-01 00:07:17.705  2367  2367 W THERMALD: sysfs read failed /sys/class/powercap/intel-rapl/intel-rapl:0/enabled/name
01-01 00:07:17.705  2367  2367 W THERMALD: sysfs read failed /sys/class/powercap/intel-rapl/intel-rapl:0/device/name
01-01 00:07:17.705  2367  2367 W THERMALD: sysfs read failed /sys/class/powercap/intel-rapl/intel-rapl:0/constraint_0_power_limit_uw/name
01-01 00:07:17.705  2367  2367 W THERMALD: sysfs read failed /sys/class/powercap/intel-rapl/intel-rapl:0/constraint_0_name/name
01-01 00:07:17.706  2367  2367 W THERMALD: sysfs read failed /sys/class/powercap/intel-rapl/intel-rapl:0/constraint_1_name/name
01-01 00:07:17.706  2367  2367 W THERMALD: sysfs read failed /sys/class/powercap/intel-rapl/intel-rapl:0/energy_uj/name
01-01 00:07:17.706  2367  2367 W THERMALD: sysfs read failed /sys/class/powercap/intel-rapl/intel-rapl:0/constraint_1_max_power_uw/name
01-01 00:07:17.706  2367  2367 W THERMALD: sysfs read failed /sys/class/powercap/intel-rapl/intel-rapl:0/uevent/name
01-01 00:07:17.706  2367  2367 W THERMALD: sysfs read failed /sys/class/powercap/intel-rapl/intel-rapl:0/max_energy_range_uj/name
01-01 00:07:17.706  2367  2367 W THERMALD: sysfs read failed /sys/class/powercap/intel-rapl/intel-rapl:0/constraint_0_max_power_uw/name
01-01 00:07:17.706  2367  2367 W THERMALD: sysfs read failed /sys/class/powercap/intel-rapl/intel-rapl:0/constraint_1_time_window_us/name
01-01 00:07:17.706  2367  2367 D THERMALD: RAPL domain count 0
01-01 00:07:17.706  2367  2367 W THERMALD: sysfs read failed /sys/class/powercap/intel-rapl/uevent/name
01-01 00:07:17.706  2367  2367 D THERMALD: RAPL domain count 1
01-01 00:07:17.706  2367  2367 W THERMALD: Polling mode is enabled: 4
01-01 00:07:17.706  2367  2367 D THERMALD: Initializing engine with sensors from xml only
01-01 00:07:17.706  2367  2367 E THERMALD: failed to open /dev/acpi_thermal_rel 
01-01 00:07:17.706  2367  2367 E THERMALD: failed to open /dev/acpi_thermal_rel 
01-01 00:07:17.706  2367  2367 E THERMALD: TRT/ART read failed
01-01 00:07:17.709  2367  2367 W THERMALD: error: could not parse file /data/thermal-daemon/thermal-conf.xml
01-01 00:07:17.709  2367  2367 D THERMALD: Parsing file from CONFDIR
01-01 00:07:17.711  2367  2367 I auditd  : type=1400 audit(0.0:3): avc: denied { call } for comm="thermal-daemon" scontext=u:r:thermal:s0 tcontext=u:r:servicemanager:s0 tclass=binder
01-01 00:07:17.711  2367  2367 W thermal-daemon: type=1400 audit(0.0:3): avc: denied { call } for scontext=u:r:thermal:s0 tcontext=u:r:servicemanager:s0 tclass=binder
01-01 00:07:17.711  2367  2367 I auditd  : type=1400 audit(0.0:4): avc: denied { transfer } for comm="thermal-daemon" scontext=u:r:thermal:s0 tcontext=u:r:servicemanager:s0 tclass=binder
01-01 00:07:17.711  2367  2367 W thermal-daemon: type=1400 audit(0.0:4): avc: denied { transfer } for scontext=u:r:thermal:s0 tcontext=u:r:servicemanager:s0 tclass=binder
01-01 00:07:17.711  2223  2223 I auditd  : type=1400 audit(0.0:5): avc: denied { search } for comm="servicemanager" name="2367" dev="proc" ino=13685 scontext=u:r:servicemanager:s0 tcontext=u:r:thermal:s0 tclass=dir
01-01 00:07:17.711  2223  2223 W servicemanager: type=1400 audit(0.0:5): avc: denied { search } for name="2367" dev="proc" ino=13685 scontext=u:r:servicemanager:s0 tcontext=u:r:thermal:s0 tclass=dir
01-01 00:07:17.711  2223  2223 I auditd  : type=1400 audit(0.0:6): avc: denied { read } for comm="servicemanager" name="current" dev="proc" ino=16538 scontext=u:r:servicemanager:s0 tcontext=u:r:thermal:s0 tclass=file
01-01 00:07:17.711  2223  2223 W servicemanager: type=1400 audit(0.0:6): avc: denied { read } for name="current" dev="proc" ino=16538 scontext=u:r:servicemanager:s0 tcontext=u:r:thermal:s0 tclass=file
01-01 00:07:17.711  2223  2223 I auditd  : type=1400 audit(0.0:7): avc: denied { open } for comm="servicemanager" path="/proc/2367/attr/current" dev="proc" ino=16538 scontext=u:r:servicemanager:s0 tcontext=u:r:thermal:s0 tclass=file
01-01 00:07:17.711  2223  2223 W servicemanager: type=1400 audit(0.0:7): avc: denied { open } for path="/proc/2367/attr/current" dev="proc" ino=16538 scontext=u:r:servicemanager:s0 tcontext=u:r:thermal:s0 tclass=file
01-01 00:07:17.711  2223  2223 I auditd  : type=1400 audit(0.0:8): avc: denied { getattr } for comm="servicemanager" scontext=u:r:servicemanager:s0 tcontext=u:r:thermal:s0 tclass=process
01-01 00:07:17.711  2223  2223 W servicemanager: type=1400 audit(0.0:8): avc: denied { getattr } for scontext=u:r:servicemanager:s0 tcontext=u:r:thermal:s0 tclass=process
01-01 00:07:17.711  2367  2367 D THERMALD:  Dumping parsed XML Data
01-01 00:07:17.711  2367  2367 D THERMALD:  *** Index 0 ***
01-01 00:07:17.711  2367  2367 D THERMALD: Name: CHT
01-01 00:07:17.711  2367  2367 D THERMALD: UUID: *
01-01 00:07:17.711  2367  2367 D THERMALD: type: 0
