01-01 00:07:17.711  2367  2367 D THERMALD: 	Sensor 0 
01-01 00:07:17.711  2367  2367 D THERMALD: 	 Name: CoreTemp
01-01 00:07:17.711  2367  2367 D THERMALD: 	 Path: /sys/devices/platform/coretemp.0/temp2_input
01-01 00:07:17.711  2367  2367 D THERMALD: 	 Async Capable: 0
01-01 00:07:17.711  2367  2367 D THERMALD: 	Zone 0 
01-01 00:07:17.711  2367  2367 D THERMALD: 	 Name: Core
01-01 00:07:17.711  2367  2367 D THERMALD: 		 Trip Point 0 
01-01 00:07:17.711  2367  2367 D THERMALD: 		  temp 90000 
01-01 00:07:17.711  2367  2367 D THERMALD: 		  trip type 2 
01-01 00:07:17.711  2367  2367 D THERMALD: 		  hyst id 0 
01-01 00:07:17.711  2367  2367 D THERMALD: 		  sensor type CoreTemp 
01-01 00:07:17.711  2367  2367 D THERMALD: 		  cdev index 0 
01-01 00:07:17.711  2367  2367 D THERMALD: 			  type Processor 
01-01 00:07:17.711  2367  2367 D THERMALD: 			  influence 100 
01-01 00:07:17.711  2367  2367 D THERMALD: 			  SamplingPeriod 32 
01-01 00:07:17.711  2367  2367 D THERMALD: 	Cooling Dev 0 
01-01 00:07:17.711  2367  2367 D THERMALD: 		Type: Processor
01-01 00:07:17.711  2367  2367 D THERMALD: 		Path: /sys/class/thermal/cooling_device0/cur_state
01-01 00:07:17.711  2367  2367 D THERMALD: 		Min: 0
01-01 00:07:17.711  2367  2367 D THERMALD: 		Max: 10
01-01 00:07:17.711  2367  2367 D THERMALD: 		Step: 1
01-01 00:07:17.711  2367  2367 D THERMALD: 		AutoDownControl: 0
01-01 00:07:17.711  2367  2367 D THERMALD: 	 PID: Kp 0.001000
01-01 00:07:17.711  2367  2367 D THERMALD: 	 PID: Ki 0.000100
01-01 00:07:17.711  2367  2367 D THERMALD: 	 PID: Kd 0.000100
01-01 00:07:17.711  2367  2367 D THERMALD:  *** Index 1 ***
01-01 00:07:17.711  2367  2367 D THERMALD: Name: GenericX86LaptopDevice
01-01 00:07:17.711  2367  2367 D THERMALD: UUID: *
01-01 00:07:17.711  2367  2367 D THERMALD: type: 0
01-01 00:07:17.711  2367  2367 D THERMALD: 	Sensor 0 
01-01 00:07:17.711  2367  2367 D THERMALD: 	 Name: CoreTemp
01-01 00:07:17.711  2367  2367 D THERMALD: 	 Path: /sys/devices/platform/coretemp.0/temp2_input
01-01 00:07:17.711  2367  2367 D THERMALD: 	 Async Capable: 0
01-01 00:07:17.711  2367  2367 D THERMALD: 	Zone 0 
01-01 00:07:17.711  2367  2367 D THERMALD: 	 Name: Surface
01-01 00:07:17.711  2367  2367 D THERMALD: 		 Trip Point 0 
01-01 00:07:17.711  2367  2367 D THERMALD: 		  temp 47000 
01-01 00:07:17.711  2367  2367 D THERMALD: 		  trip type 1 
01-01 00:07:17.711  2367  2367 D THERMALD: 		  hyst id 0 
01-01 00:07:17.711  2367  2367 D THERMALD: 		  sensor type  
01-01 00:07:17.711  2367  2367 D THERMALD:  *** Index 2 ***
01-01 00:07:17.711  2367  2367 D THERMALD: Name: ExamplePlatformName
01-01 00:07:17.711  2367  2367 D THERMALD: UUID: ExampleUUID
01-01 00:07:17.711  2367  2367 D THERMALD: type: 0
01-01 00:07:17.711  2367  2367 D THERMALD: 	Sensor 0 
01-01 00:07:17.711  2367  2367 D THERMALD: 	 Name: CoreTemp
01-01 00:07:17.711  2367  2367 D THERMALD: 	 Path: /sys/devices/platform/coretemp.0/temp2_input
01-01 00:07:17.711  2367  2367 D THERMALD: 	 Async Capable: 0
01-01 00:07:17.711  2367  2367 D THERMALD: 	Sensor 1 
01-01 00:07:17.711  2367  2367 D THERMALD: 	 Name: example_sensor_1
01-01 00:07:17.711  2367  2367 D THERMALD: 	 Path: /some_path
01-01 00:07:17.711  2367  2367 D THERMALD: 	 Async Capable: 0
01-01 00:07:17.711  2367  2367 D THERMALD: 	Sensor 2 
01-01 00:07:17.711  2367  2367 D THERMALD: 	 Name: example_thermal_sysfs_sensor
01-01 00:07:17.711  2367  2367 D THERMALD: 	 Path: 
01-01 00:07:17.711  2367  2367 D THERMALD: 	 Async Capable: 1
01-01 00:07:17.711  2367  2367 D THERMALD: 	Zone 0 
01-01 00:07:17.711  2367  2367 D THERMALD: 	 Name: ExampleZonetype
01-01 00:07:17.711  2367  2367 D THERMALD: 		 Trip Point 0 
01-01 00:07:17.711  2367  2367 D THERMALD: 		  temp 75000 
01-01 00:07:17.711  2367  2367 D THERMALD: 		  trip type 1 
01-01 00:07:17.711  2367  2367 D THERMALD: 		  hyst id 0 
01-01 00:07:17.711  2367  2367 D THERMALD: 		  sensor type example_sensor_1 
01-01 00:07:17.711  2367  2367 D THERMALD: 		  cdev index 0 
01-01 00:07:17.711  2367  2367 D THERMALD: 			  type example_cooling_device 
01-01 00:07:17.711  2367  2367 D THERMALD: 			  influence 100 
01-01 00:07:17.711  2367  2367 D THERMALD: 			  SamplingPeriod 12 
01-01 00:07:17.711  2367  2367 D THERMALD: 	Cooling Dev 0 
01-01 00:07:17.711  2367  2367 D THERMALD: 		Type: example_cooling_device
01-01 00:07:17.711  2367  2367 D THERMALD: 		Path: 
01-01 00:07:17.711  2367  2367 D THERMALD: 		Min: 0
01-01 00:07:17.711  2367  2367 D THERMALD: 		Max: 50
01-01 00:07:17.711  2367  2367 D THERMALD: 		Step: 10
01-01 00:07:17.711  2367  2367 D THERMALD: 		AutoDownControl: 0
01-01 00:07:17.711  2367  2367 D THERMALD: 	 PID: Kp 0.001000
01-01 00:07:17.711  2367  2367 D THERMALD: 	 PID: Ki 0.000100
01-01 00:07:17.711  2367  2367 D THERMALD: 	 PID: Kd 0.000100
01-01 00:07:17.712  2367  2367 D THERMALD: Dumping of parsed sensor informaiton
01-01 00:07:17.712  2367  2367 D THERMALD: Initializing engine with cooling devices from xml only
01-01 00:07:17.712  2367  2367 D THERMALD: Dumping of all parsed cooling devices
01-01 00:07:17.712  2367  2367 D THERMALD: Initializing engine with zones from xml only
01-01 00:07:17.712  2367  2367 D THERMALD: Dumping of all parsed zones
01-01 00:07:17.712  2367  2367 D THERMALD: FD = 6
01-01 00:07:17.712  2367  2367 D THERMALD: Current user preference is 0
01-01 00:07:17.712  2367  2395 D THERMALD: thd_engine_thread begin
01-01 00:07:17.713  2223  2223 E SELinux : avc:  denied  { add } for service=thermal_daemon scontext=u:r:thermal:s0 tcontext=u:object_r:default_android_service:s0 tclass=service_manager
01-01 00:07:17.713  2223  2223 I auditd  : avc:  denied  { add } for service=thermal_daemon scontext=u:r:thermal:s0 tcontext=u:object_r:default_android_service:s0 tclass=service_manager
01-01 00:07:17.713  2367  2367 D THERMALD: Registering to receive info from itux
01-01 00:07:17.880  2377  2377 E CRASHLOG: reset_logdir: Cannot reset logdir /data/logs/gps - No such file or directory
01-01 00:07:17.903  2377  2377 E CRASHLOG: REBOOT  390de273462d377b3fc2  2012-01-01/00:07:17  SWUPDATE
01-01 00:07:17.904  2377  2377 E CRASHLOG: INFO    c1d57ceb7564f8ed595c  2012-01-01/00:07:17  NO_BLANKPHONE
01-01 00:07:17.904  2377  2377 E CRASHLOG: STATE   ea71f15e78d2794840bb  2012-01-01/00:07:17  DECRYPTED
01-01 00:07:17.904  2377  2377 E CRASHLOG: [INGR]: File '/system/etc/ingredients.conf' not found, disable 'ingredients' feature
01-01 00:07:17.905  2377  2377 D CRASHLOG: monitor_crashenv: execute /system/bin/monitor_crashenv  
01-01 00:07:17.918  2377  2377 E CRASHLOG: monitor_crashenv status: 32512.
01-01 00:07:17.945  2420  2420 I auditd  : type=1400 audit(0.0:9): avc: denied { syslog_read } for comm="logcatext" scontext=u:r:init:s0 tcontext=u:r:kernel:s0 tclass=system
01-01 00:07:17.945  2420  2420 W logcatext: type=1400 audit(0.0:9): avc: denied { syslog_read } for scontext=u:r:init:s0 tcontext=u:r:kernel:s0 tclass=system
01-01 00:07:19.966     0     0 I KERNEL  : Loading modules backported from iwlwifi
01-01 00:07:19.971     0     0 I KERNEL  : iwlwifi-stack-public-modrename:master:1328:bcc21b7b
01-01 00:07:18.082  2226  2226 I ivpg-buffer: Loaded UFO GRALLOC/Intel Corporation
01-01 00:07:18.085  2226  2226 I libva   : VA-API version 0.34.0
01-01 00:07:18.085  2226  2226 I libva   : va_getDriverName() returns 0
01-01 00:07:18.086  2226  2226 I libva   : Trying to open /system/lib/i965_drv_video.so
01-01 00:07:18.122  2226  2226 I libva   : Found init function __vaDriverInit_0_32
01-01 00:07:18.135  2226  2226 I libva   : va_openDriver() returns 0
01-01 00:07:18.169  2377  2377 I CRASHLOG: inotify: /data/system/dropbox, wd=1 has been snooped
01-01 00:07:18.169  2377  2377 I CRASHLOG: inotify: /data/tombstones, wd=2 has been snooped
01-01 00:07:18.169  2377  2377 I CRASHLOG: inotify: /data/logs/core, wd=3 has been snooped
01-01 00:07:18.169  2377  2377 I CRASHLOG: inotify: /data/logs/stats, wd=4 has been snooped
01-01 00:07:18.169  2377  2377 I CRASHLOG: inotify: /data/logs/aplogs, wd=5 has been snooped
01-01 00:07:18.169  2377  2377 I CRASHLOG: inotify: /data/logs/uptime, wd=6 has been snooped
01-01 00:07:18.170  2377  2377 I CRASHLOG: inotify: /data/logs/modemcrash, wd=7 has been snooped
01-01 00:07:18.198  2226  2226 V IVP     : iVP_create_context: Create Context success: ctx_id=0x70000000, vp_context=0xf6f163c0
01-01 00:07:18.198  2226  2226 I ivpg-hwc: Hwc Options
01-01 00:07:18.199  2226  2226 I ivpg-hwc: Option Default                intel.hwc.overlay( 0) = 1       (1) (HWC default)
01-01 00:07:18.199  2226  2226 I ivpg-hwc: Option Default             intel.hwc.overlayrgb( 1) = 1       (1) (HWC default)
01-01 00:07:18.199  2226  2226 I ivpg-hwc: Option Default             intel.hwc.overlayyuv( 2) = 1       (1) (HWC default)
01-01 00:07:18.199  2226  2226 I ivpg-hwc: Option Default        intel.hwc.overlayyuvasrgb( 5) = 0       (0) (HWC default)
01-01 00:07:18.199  2226  2226 I ivpg-hwc: Option Default          intel.hwc.ovnosrcoffset( 6) = 0       (0) (HWC default)
01-01 00:07:18.199  2226  2226 I ivpg-hwc: Option Default            intel.hwc.ovnosrccrop( 7) = 0       (0) (HWC default)
01-01 00:07:18.200  2226  2226 I ivpg-hwc: Option Default          intel.hwc.overlayzorder( 3) = 1       (1) (HWC default)
01-01 00:07:18.200  2226  2226 I ivpg-hwc: Option Default        intel.hwc.overlayoversize( 4) = 1       (1) (HWC default)
01-01 00:07:18.201  2226  2226 I ivpg-hwc: Option Default          intel.hwc.forceblanking( 8) = 0       (0) (HWC default)
01-01 00:07:18.202  2226  2226 I ivpg-hwc: Option Default          intel.hwc.clearblanking( 9) = 0       (0) (HWC default)
01-01 00:07:18.202  2226  2226 I ivpg-hwc: Option Default           intel.hwc.ovincidental(10) = 1       (1) (HWC default)
01-01 00:07:18.202  2226  2226 I ivpg-hwc: Option Default                 intel.hwc.atomic(11) = 1       (1) (HWC default)
01-01 00:07:18.202  2226  2226 I ivpg-hwc: Option Default                  intel.hwc.panel(12) = 1       (1) (HWC default)
01-01 00:07:18.202  2226  2226 I ivpg-hwc: Option Default                   intel.hwc.hdmi(13) = 1       (1) (HWC default)
01-01 00:07:18.203  2226  2226 I ivpg-hwc: Option Default            intel.hwc.panelfitter(14) = 5       (5) (HWC default)
01-01 00:07:18.203  2226  2226 I ivpg-hwc: Option Default            intel.hwc.extendedvpg(16) = 0       (0) (HWC default)
01-01 00:07:18.203  2226  2226 I ivpg-hwc: Option Default            intel.hwc.extendedmcg(17) = 1       (1) (HWC default)
01-01 00:07:18.203  2226  2226 I ivpg-hwc: Option Default        intel.hwc.extendedscaling(18) = 2       (2) (HWC default)
01-01 00:07:18.204  2226  2226 I ivpg-hwc: Option Default       intel.hwc.extendedoverscan(19) = 0       (0) (HWC default)
01-01 00:07:18.204  2226  2226 I ivpg-hwc: Option Default       intel.hwc.extendedvidclone(26) = 0       (0) (HWC default)
01-01 00:07:18.205  2226  2226 I ivpg-hwc: Option Default        intel.hwc.extvsyncmigrate(20) = 1       (1) (HWC default)
01-01 00:07:18.205  2226  2226 I ivpg-hwc: Option Default         intel.hwc.extfullsuspend(21) = 1       (1) (HWC default)
01-01 00:07:18.205  2226  2226 I ivpg-hwc: Option Default         intel.hwc.clonetolerance(25) = 0       (0) (HWC default)
01-01 00:07:18.205  2226  2226 I ivpg-hwc: Option Default          intel.hwc.syncframework(28) = 1       (1) (HWC default)
01-01 00:07:18.205  2226  2226 I ivpg-hwc: Option Default             intel.hwc.modechange(32) = 1       (1) (HWC default)
01-01 00:07:18.205  2226  2226 I ivpg-hwc: Option Default            intel.hwc.maindisable(34) = 1       (1) (HWC default)
01-01 00:07:18.205  2226  2226 I ivpg-hwc: Option Default          intel.hwc.protectedcomp(41) = 1       (1) (HWC default)
01-01 00:07:18.205  2226  2226 I ivpg-hwc: Option Default              intel.hwc.smartcomp(42) = 1       (1) (HWC default)
01-01 00:07:18.205  2226  2226 I ivpg-hwc: Option Default            intel.hwc.widivppcomp(43) = 1       (1) (HWC default)
01-01 00:07:18.205  2226  2226 I ivpg-hwc: Option Default               intel.hwc.display0(45) =         (0) (HWC default)
01-01 00:07:18.205  2226  2226 I ivpg-hwc: Option Default               intel.hwc.display1(46) =         (0) (HWC default)
01-01 00:07:18.205  2226  2226 I ivpg-hwc: Option Default          intel.hwc.globalscaling(48) = 1       (1) (HWC default)
01-01 00:07:18.205  2226  2226 I ivpg-hwc: Option Default       intel.hwc.globalscalingmin(49) = 66      (66) (HWC default)
01-01 00:07:18.205  2226  2226 I ivpg-hwc: Option Default       intel.hwc.globalscalingmax(50) = 150     (150) (HWC default)
01-01 00:07:18.205  2226  2226 I ivpg-hwc: Option Default          intel.hwc.globalscledge(47) = 1       (1) (HWC default)
01-01 00:07:18.206  2226  2226 I ivpg-hwc: Option Default                 intel.hwc.pavpon(51) = 0       (0) (HWC default)
01-01 00:07:18.206  2226  2226 I ivpg-hwc: Option Default          intel.hwc.pavpsessionid(52) = 0       (0) (HWC default)
01-01 00:07:18.206  2226  2226 I ivpg-hwc: Option Default           intel.hwc.pavpinstance(53) = 0       (0) (HWC default)
01-01 00:07:18.206  2226  2226 I ivpg-hwc: Option Default          intel.hwc.pavpcoreready(54) = 0       (0) (HWC default)
01-01 00:07:18.206  2226  2226 I ivpg-hwc: Option Default       intel.hwc.pavpcoreinstance(55) = 0       (0) (HWC default)
01-01 00:07:18.206  2226  2226 I ivpg-hwc: Option Default            intel.hwc.idletimeout(64) = 600     (600) (HWC default)
01-01 00:07:18.206  2226  2226 I ivpg-hwc: Option Default             intel.hwc.idletimein(65) = 400     (400) (HWC default)
01-01 00:07:18.206  2226  2226 I ivpg-hwc: Option Default         intel.hwc.idleoverlayopt(66) = 1       (1) (HWC default)
01-01 00:07:18.206  2226  2226 I ivpg-hwc: Option Default        intel.hwc.debugdumplayers(80) = 0       (0) (HWC default)
01-01 00:07:18.206  2226  2226 I ivpg-hwc: Option Default          intel.hwc.widiextpolicy(67) = 1       (1) (HWC default)
01-01 00:07:18.206  2226  2226 I ivpg-hwc: Option Default              intel.hwc.dpstvideo(70) = 0       (0) (HWC default)
01-01 00:07:18.206  2226  2226 I ivpg-hwc: Option Default         intel.hwc.widiusesrccrop(68) = 1       (1) (HWC default)
01-01 00:07:18.213  2223  2223 E SELinux : avc:  denied  { add } for service=hwc.widi scontext=u:r:surfaceflinger:s0 tcontext=u:object_r:default_android_service:s0 tclass=service_manager
01-01 00:07:18.213  2223  2223 I auditd  : avc:  denied  { add } for service=hwc.widi scontext=u:r:surfaceflinger:s0 tcontext=u:object_r:default_android_service:s0 tclass=service_manager
01-01 00:07:18.214  2226  2226 I ivpg-hwc: bool intel::ufo::hwc::MultiDisplayImpl::initMDSClient(): Connected to MDS
01-01 00:07:18.215  2226  2226 I MultiDisplay: ConnectStatus is 0, mode is 0x0
01-01 00:07:18.216  2226  2226 D skuwa   : Detected device 22B0:22 family 17:11
01-01 00:07:18.216  2226  2226 D ivpg-hwc: ProductFamily 17/CHERRYVIEW (DeviceID 0x22b0 PlatformType 2/MOBILE)
01-01 00:07:18.216  2226  2226 I ivpg-hwc: composer device opened by VPG HWComposer/Intel Corporation
01-01 00:07:18.216  2226  2226 I SurfaceFlinger: Using composer version 1.3
01-01 00:07:18.227  2226  2226 I ivpg-hwc: Created Drm Display for connector 2 [0xf6fdfa00]
01-01 00:07:18.228  2226  2226 D ivpg-hwc: Drm property drrs_capability not found
01-01 00:07:18.228  2226  2226 D ivpg-hwc: Setting video mode for Crtc 6, Display (dead), now 1200x1920@60Hz
01-01 00:07:19.980     0     0 I KERNEL  : binder: 2221:2221 transaction failed 29189, size 0-0
01-01 00:07:20.033     0     0 I KERNEL  : 8086228A:00: ttyS1 at MMIO 0x91b21000 (irq = 39, base_baud = 2764800) is a 16550A
01-01 00:07:20.044     0     0 I KERNEL  : 8086228A:01: ttyS2 at MMIO 0x91b1f000 (irq = 40, base_baud = 2764800) is a 16550A
01-01 00:07:20.129     0     0 I KERNEL  : ftrace: Allocated trace_printk buffers
01-01 00:07:20.136     0     0 W KERNEL  : acpi device:0b: Failed to find gmin variable device:0b_HpllFreq
01-01 00:07:20.136     0     0 W KERNEL  :  SUBSYSTEM=acpi
01-01 00:07:20.136     0     0 W KERNEL  :  DEVICE=+acpi:device:0b
01-01 00:07:20.144     0     0 I KERNEL  : atomisp-css2401a0_v21 0000:00:03.0: ISP HPLL frequency base = 2000 MHz
01-01 00:07:20.144     0     0 I KERNEL  :  SUBSYSTEM=pci
01-01 00:07:20.144     0     0 I KERNEL  :  DEVICE=+pci:0000:00:03.0
01-01 00:07:20.153     0     0 I KERNEL  : atomisp-css2401a0_v21 0000:00:03.0: enabling device (0000 -> 0002)
01-01 00:07:20.153     0     0 I KERNEL  :  SUBSYSTEM=pci
01-01 00:07:20.153     0     0 I KERNEL  :  DEVICE=+pci:0000:00:03.0
01-01 00:07:20.161     0     0 I KERNEL  : Bluetooth: Core ver 2.18
01-01 00:07:20.165     0     0 I KERNEL  : NET: Registered protocol family 31
01-01 00:07:20.170     0     0 I KERNEL  : Bluetooth: HCI device and connection manager initialized
01-01 00:07:20.178     0     0 I KERNEL  : Bluetooth: HCI socket layer initialized
01-01 00:07:20.183     0     0 I KERNEL  : Bluetooth: L2CAP socket layer initialized
01-01 00:07:20.189     0     0 I KERNEL  : Bluetooth: SCO socket layer initialized
01-01 00:07:20.200     0     0 I KERNEL  : Bluetooth: HCI UART driver ver 2.2
01-01 00:07:20.205     0     0 I KERNEL  : Bluetooth: HCI H4 protocol initialized
01-01 00:07:20.210     0     0 I KERNEL  : Bluetooth: HCI Three-wire UART (H5) protocol initialized
01-01 00:07:20.224     0     0 I KERNEL  : ->P lbf_uart_init
01-01 00:07:20.228     0     0 I KERNEL  : -> Pintel_bluetooth_probe
01-01 00:07:20.232     0     0 E KERNEL  : acpi_get_gpiod base=341, pin=27
01-01 00:07:20.237     0     0 I KERNEL  : bt_enable:368
01-01 00:07:20.239     0     0 I KERNEL  : bt_rfkill_set_power blocked: 0
01-01 00:07:20.244     0     0 E KERNEL  : gpio-368 (bt_reg_on): _gpiod_set_raw_value: desc_to_gpio=368, value=0
01-01 00:07:20.253     0     0 E KERNEL  : bt_rfkill_set_power: turn BT off
01-01 00:07:20.257     0     0 I KERNEL  : BT CORE IN D3 STATE
01-01 00:07:20.261     0     0 I KERNEL  : intel_bluetooth_probe ret: 0
01-01 00:07:20.266     0     0 I KERNEL  : lbf_uart_init: Plarform registration succeded
01-01 00:07:20.272     0     0 I KERNEL  : lbf_uart_init: N_INTEL_LDISC registration succeded
01-01 00:07:20.278     0     0 I KERNEL  : <- lbf_uart_init
01-01 00:07:20.293     0     0 I KERNEL  : iwl_cfg80211: Calling CRDA to update world regulatory domain
01-01 00:07:20.354     0     0 D KERNEL  : atomisp-css2401a0_v21 0000:00:03.0: irq 145 for MSI/MSI-X
01-01 00:07:20.354     0     0 D KERNEL  :  SUBSYSTEM=pci
01-01 00:07:20.354     0     0 D KERNEL  :  DEVICE=+pci:0000:00:03.0
01-01 00:07:20.362     0     0 W KERNEL  : atomisp-css2401a0_v21 0000:00:03.0: no camera attached or fail to detect
01-01 00:07:20.362     0     0 W KERNEL  :  SUBSYSTEM=pci
01-01 00:07:20.362     0     0 W KERNEL  :  DEVICE=+pci:0000:00:03.0
01-01 00:07:20.425     0     0 I KERNEL  : atomisp-css2401a0_v21 0000:00:03.0: hmm_reserved_pool init successfully,hmm_reserved_pool is with 32768 pages.
01-01 00:07:20.425     0     0 I KERNEL  :  SUBSYSTEM=pci
01-01 00:07:20.425     0     0 I KERNEL  :  DEVICE=+pci:0000:00:03.0
01-01 00:07:20.443     0     0 W KERNEL  : pn544_nfc: module is from the staging directory, the quality is unknown, you have been warned.
01-01 00:07:20.454     0     0 E KERNEL  : acpi_get_gpiod base=341, pin=3
01-01 00:07:20.459     0     0 E KERNEL  : acpi_get_gpiod base=341, pin=19
01-01 00:07:20.464     0     0 E KERNEL  : acpi_get_gpiod base=341, pin=7
01-01 00:07:20.470     0     0 E KERNEL  : android_usb: already disabled
01-01 00:07:20.543     0     0 D KERNEL  : initing vmmctrl module 
01-01 00:07:20.590     0     0 E KERNEL  : [heci-ish]: ish_probe():+++ [Build imin-0127-fixes-c0]
01-01 00:07:20.597     0     0 E KERNEL  : [heci-ish] ish_probe() running on CHT B0 revision [16]
01-01 00:07:20.604     0     0 I KERNEL  : heci_ish 0000:00:0a.0: enabling device (0000 -> 0002)
01-01 00:07:20.604     0     0 I KERNEL  :  SUBSYSTEM=pci
01-01 00:07:20.604     0     0 I KERNEL  :  DEVICE=+pci:0000:00:0a.0
01-01 00:07:20.613     0     0 F KERNEL  : [heci-ish]: success Tx FIFO allocations
01-01 00:07:20.620     0     0 F KERNEL  : [heci-ish]: uses IRQ 20
01-01 00:07:20.630     0     0 E KERNEL  : [hid-ish]: ish_init():+++ [Buildimin-0127-fixes-c0]
01-01 00:07:20.674     0     0 E KERNEL  : init: Warning!  Service ap_log_srv needs a SELinux domain defined; please fix!
01-01 00:07:20.685     0     0 E KERNEL  : init: cannot find '/system/bin/debuggerd64', disabling 'debuggerd64'
01-01 00:07:20.695     0     0 E KERNEL  : init: cannot find '/system/bin/install-recovery.sh', disabling 'flash_recovery'
01-01 00:07:20.707     0     0 E KERNEL  : init: Warning!  Service sensorhubd needs a SELinux domain defined; please fix!
01-01 00:07:20.718     0     0 E KERNEL  : init: Warning!  Service crashlogd needs a SELinux domain defined; please fix!
01-01 00:07:20.991     0     0 E KERNEL  : healthd: No charger supplies found
01-01 00:07:21.060     0     0 D KERNEL  : type=1400 audit(1325376437.711:3): avc: denied { call } for pid=2367 comm="thermal-daemon" scontext=u:r:thermal:s0 tcontext=u:r:servicemanager:s0 tclass=binder
01-01 00:07:21.077     0     0 D KERNEL  : type=1400 audit(1325376437.711:4): avc: denied { transfer } for pid=2367 comm="thermal-daemon" scontext=u:r:thermal:s0 tcontext=u:r:servicemanager:s0 tclass=binder
01-01 00:07:21.095     0     0 D KERNEL  : type=1400 audit(1325376437.711:5): avc: denied { search } for pid=2223 comm="servicemanager" name="2367" dev="proc" ino=13685 scontext=u:r:servicemanager:s0 tcontext=u:r:thermal:s0 tclass=dir
01-01 00:07:21.095     0     0 W KERNEL  : iwlwifi: unknown parameter 'd0i3_debug' ignored
01-01 00:07:21.127     0     0 I KERNEL  : Intel(R) Wireless WiFi driver for Linux
01-01 00:07:21.128     0     0 D KERNEL  : type=1400 audit(1325376437.711:6): avc: denied { read } for pid=2223 comm="servicemanager" name="current" dev="proc" ino=16538 scontext=u:r:servicemanager:s0 tcontext=u:r:thermal:s0 tclass=file
01-01 00:07:21.128     0     0 D KERNEL  : type=1400 audit(1325376437.711:7): avc: denied { open } for pid=2223 comm="servicemanager" path="/proc/2367/attr/current" dev="proc" ino=16538 scontext=u:r:servicemanager:s0 tcontext=u:r:thermal:s0 tclass=file
01-01 00:07:21.128     0     0 D KERNEL  : type=1400 audit(1325376437.711:8): avc: denied { getattr } for pid=2223 comm="servicemanager" scontext=u:r:servicemanager:s0 tcontext=u:r:thermal:s0 tclass=process
01-01 00:07:21.192     0     0 I KERNEL  : Copyright(c) 2003- 2014 Intel Corporation
01-01 00:07:21.202     0     0 I KERNEL  : iwlwifi 0000:01:00.0: enabling device (0000 -> 0002)
01-01 00:07:21.202     0     0 I KERNEL  :  SUBSYSTEM=pci
01-01 00:07:21.202     0     0 I KERNEL  :  DEVICE=+pci:0000:01:00.0
01-01 00:07:21.211     0     0 D KERNEL  : iwlwifi 0000:01:00.0: irq 147 for MSI/MSI-X
01-01 00:07:21.211     0     0 D KERNEL  :  SUBSYSTEM=pci
01-01 00:07:21.211     0     0 D KERNEL  :  DEVICE=+pci:0000:01:00.0
01-01 00:07:21.219     0     0 W KERNEL  : iwlwifi 0000:01:00.0: Direct firmware load failed with error -2
01-01 00:07:21.219     0     0 W KERNEL  :  SUBSYSTEM=pci
01-01 00:07:21.219     0     0 W KERNEL  :  DEVICE=+pci:0000:01:00.0
01-01 00:07:21.228     0     0 W KERNEL  : iwlwifi 0000:01:00.0: Falling back to user helper
01-01 00:07:21.228     0     0 W KERNEL  :  SUBSYSTEM=pci
01-01 00:07:21.228     0     0 W KERNEL  :  DEVICE=+pci:0000:01:00.0
01-01 00:07:21.237     0     0 E KERNEL  : init: Warning!  Service apk_logfs needs a SELinux domain defined; please fix!
01-01 00:07:21.247     0     0 E KERNEL  : heci_ish 0000:00:0a.0: Going to wait for heci start hbm_state=00000001
01-01 00:07:21.247     0     0 E KERNEL  :  SUBSYSTEM=pci
01-01 00:07:21.247     0     0 E KERNEL  :  DEVICE=+pci:0000:00:0a.0
01-01 00:07:21.267     0     0 E KERNEL  : heci_ish 0000:00:0a.0: Woke up from waiting for heci start ret=7000 hbm_state=00000003
01-01 00:07:21.267     0     0 E KERNEL  :  SUBSYSTEM=pci
01-01 00:07:21.267     0     0 E KERNEL  :  DEVICE=+pci:0000:00:0a.0
01-01 00:07:21.286     0     0 W KERNEL  : iwlwifi 0000:01:00.0: Direct firmware load failed with error -2
01-01 00:07:21.286     0     0 W KERNEL  :  SUBSYSTEM=pci
01-01 00:07:21.286     0     0 W KERNEL  :  DEVICE=+pci:0000:01:00.0
01-01 00:07:21.294     0     0 W KERNEL  : iwlwifi 0000:01:00.0: Falling back to user helper
01-01 00:07:21.294     0     0 W KERNEL  :  SUBSYSTEM=pci
01-01 00:07:21.294     0     0 W KERNEL  :  DEVICE=+pci:0000:01:00.0
01-01 00:07:21.294     0     0 D KERNEL  : type=1400 audit(1325376437.945:9): avc: denied { syslog_read } for pid=2420 comm="logcatext" scontext=u:r:init:s0 tcontext=u:r:kernel:s0 tclass=system
01-01 00:07:21.324     0     0 I KERNEL  : iwlwifi 0000:01:00.0: loaded firmware version 25.15.13.0 op_mode iwlmvm
01-01 00:07:21.324     0     0 I KERNEL  :  SUBSYSTEM=pci
01-01 00:07:21.324     0     0 I KERNEL  :  DEVICE=+pci:0000:01:00.0
01-01 00:07:21.333     0     0 E KERNEL  : iwlwifi 0000:01:00.0: failed to load module iwlmvm (error -2), is dynamic loading enabled?
01-01 00:07:21.333     0     0 E KERNEL  :  SUBSYSTEM=pci
01-01 00:07:21.333     0     0 E KERNEL  :  DEVICE=+pci:0000:01:00.0
01-01 00:07:21.361     0     0 F KERNEL  : [hid-ish]: going to send HOSTIF_DM_ENUM_DEVICES
01-01 00:07:21.381     0     0 F KERNEL  : [hid-ish]: enum_devices_done = 1, retry_count = 1
01-01 00:07:21.387     0     0 F KERNEL  : [hid-ish]: enum_devices_done = 1, retry_count = 1
01-01 00:07:21.396     0     0 F KERNEL  : [hid-ish]: enum_devices_done OK, num_hid_devices=3
01-01 00:07:21.570     0     0 W KERNEL  : ------------[ cut here ]------------
01-01 00:07:21.581     0     0 W KERNEL  : WARNING: CPU: 3 PID: 1028 at ../../../../../../../kernel/gmin/fs/sysfs/dir.c:52 sysfs_warn_dup+0x86/0xa0()
01-01 00:07:21.604     0     0 W KERNEL  : sysfs: cannot create duplicate filename '/devices/platform/sensor_collection/sensor_10003_def/data_fields/data_orientation_magnetometer_accuracy'
01-01 00:07:21.619     0     0 D KERNEL  : Modules linked in: iwlwifi(O) iwl_mac80211(O) hid_sensor_hub sens_col_core hid_heci_ish heci_ish heci vidt_driver rfkill_gpio pn544_nfc(C) iwl_cfg80211(O) lnp_ldisc hci_uart bluetooth atomisp_css2401a0_v21 lm3554 6lowpan_iphc 8250_dw videobuf_vmalloc ip6table_raw iptable_raw videobuf_core compat(O)
01-01 00:07:18.417  2374  2374 E sdcard  : missing packages.list; retrying
01-01 00:07:21.652     0     0 D KERNEL  : CPU: 3 PID: 1028 Comm: kworker/3:2 Tainted: G        WC O 3.14.25-x86_64-geb2dc6c-dirty #1
01-01 00:07:21.663     0     0 D KERNEL  : Hardware name: To be filled by O.E.M. To be filled by O.E.M./Aptio CRB, BIOS Barlow-99.02.03-W00 03/05/2015
01-01 00:07:21.675     0     0 D KERNEL  : Workqueue: workqueue_for_init workqueue_init_function [hid_heci_ish]
01-01 00:07:21.683     0     0 D KERNEL  :  0000000000000009 ffff880073f417e0 ffffffff81adb713 ffff880073f41828
01-01 00:07:21.692     0     0 D KERNEL  :  ffff880073f41818 ffffffff8107ef0d ffff8800726ef000 ffff8800726ef000
01-01 00:07:21.700     0     0 D KERNEL  :  ffff88006ebb82e0 ffff88006e410a98 ffff88006ea3e380 ffff880073f41878
01-01 00:07:21.709     0     0 D KERNEL  : Call Trace:
01-01 00:07:21.711     0     0 D KERNEL  :  [<ffffffff81adb713>] dump_stack+0x4e/0x7a
01-01 00:07:21.717     0     0 D KERNEL  :  [<ffffffff8107ef0d>] warn_slowpath_common+0x7d/0xa0
01-01 00:07:21.724     0     0 D KERNEL  :  [<ffffffff8107ef7c>] warn_slowpath_fmt+0x4c/0x50
01-01 00:07:21.731     0     0 D KERNEL  :  [<ffffffff81218276>] sysfs_warn_dup+0x86/0xa0
01-01 00:07:21.737     0     0 D KERNEL  :  [<ffffffff8121831e>] sysfs_create_dir_ns+0x8e/0xa0
01-01 00:07:21.743     0     0 D KERNEL  :  [<ffffffff8140d044>] kobject_add_internal+0xc4/0x3f0
01-01 00:07:21.750     0     0 D KERNEL  :  [<ffffffff8140d3d0>] kobject_init_and_add+0x60/0x80
01-01 00:07:21.757     0     0 D KERNEL  :  [<ffffffff810b6b95>] ? set_next_entity+0x95/0xb0
01-01 00:07:21.764     0     0 D KERNEL  :  [<ffffffffa022f9d4>] add_senscol_sensor+0x174/0x230 [sens_col_core]
01-01 00:07:21.764     0     0 D KERNEL  : SELinux: initialized (dev fuse, type fuse), uses genfs_contexts
01-01 00:07:21.780     0     0 D KERNEL  :  [<ffffffff81415c61>] ? vsnprintf+0x1c1/0x610
01-01 00:07:21.786     0     0 D KERNEL  :  [<ffffffff81ae46ab>] ? __schedule+0x37b/0x7b0
01-01 00:07:21.792     0     0 D KERNEL  :  [<ffffffff81419beb>] ? kvasprintf+0x6b/0x80
01-01 00:07:21.798     0     0 D KERNEL  :  [<ffffffff8115fc9b>] ? krealloc+0x2b/0xa0
01-01 00:07:21.804     0     0 D KERNEL  :  [<ffffffffa023bb6b>] sensor_hub_probe+0x87b/0xfc0 [hid_sensor_hub]
01-01 00:07:21.812     0     0 D KERNEL  :  [<ffffffff81ae83a6>] ? _raw_spin_unlock_irqrestore+0x26/0x50
01-01 00:07:21.820     0     0 D KERNEL  :  [<ffffffff8140bf45>] ? ida_simple_get+0x85/0xf0
01-01 00:07:21.826     0     0 D KERNEL  :  [<ffffffff8189d8d5>] hid_device_probe+0xe5/0x160
01-01 00:07:21.833     0     0 D KERNEL  :  [<ffffffff815ebead>] driver_probe_device+0x12d/0x3d0
01-01 00:07:21.840     0     0 D KERNEL  :  [<ffffffff815ec150>] ? driver_probe_device+0x3d0/0x3d0
01-01 00:07:21.847     0     0 D KERNEL  :  [<ffffffff815ec18b>] __device_attach+0x3b/0x40
01-01 00:07:21.853     0     0 D KERNEL  :  [<ffffffff815e9f33>] bus_for_each_drv+0x63/0xa0
01-01 00:07:21.859     0     0 D KERNEL  :  [<ffffffff815ebd08>] device_attach+0x88/0xa0
01-01 00:07:21.866     0     0 D KERNEL  :  [<ffffffff815eb118>] bus_probe_device+0x98/0xc0
01-01 00:07:21.872     0     0 D KERNEL  :  [<ffffffff815e9040>] device_add+0x4c0/0x600
01-01 00:07:21.878     0     0 D KERNEL  :  [<ffffffff8189d601>] hid_add_device+0xd1/0x210
01-01 00:07:21.884     0     0 D KERNEL  :  [<ffffffffa022828f>] heci_hid_probe+0x9f/0xe0 [hid_heci_ish]
01-01 00:07:21.892     0     0 D KERNEL  :  [<ffffffffa022891e>] workqueue_init_function+0x5ce/0x690 [hid_heci_ish]
01-01 00:07:21.901     0     0 D KERNEL  :  [<ffffffff810c0c70>] ? abort_exclusive_wait+0xb0/0xb0
01-01 00:07:21.908     0     0 D KERNEL  :  [<ffffffff8109b0e1>] process_one_work+0x171/0x490
01-01 00:07:21.914     0     0 D KERNEL  :  [<ffffffff8109bdfb>] worker_thread+0x11b/0x3a0
01-01 00:07:21.921     0     0 D KERNEL  :  [<ffffffff8109bce0>] ? manage_workers.isra.27+0x2b0/0x2b0
01-01 00:07:21.928     0     0 D KERNEL  :  [<ffffffff810a1c02>] kthread+0xd2/0xf0
01-01 00:07:21.934     0     0 D KERNEL  :  [<ffffffff810a1b30>] ? kthread_create_on_node+0x170/0x170
01-01 00:07:21.941     0     0 D KERNEL  :  [<ffffffff81ae956c>] ret_from_fork+0x7c/0xb0
01-01 00:07:21.947     0     0 D KERNEL  :  [<ffffffff810a1b30>] ? kthread_create_on_node+0x170/0x170
01-01 00:07:21.955     0     0 W KERNEL  : ---[ end trace b4d9066645b2cd3e ]---
01-01 00:07:21.960     0     0 W KERNEL  : ------------[ cut here ]------------
01-01 00:07:21.965     0     0 W KERNEL  : WARNING: CPU: 3 PID: 1028 at ../../../../../../../kernel/gmin/lib/kobject.c:240 kobject_add_internal+0x284/0x3f0()
01-01 00:07:21.978     0     0 D KERNEL  : kobject_add_internal failed for data_orientation_magnetometer_accuracy with -EEXIST, don't try to register things with the same name in the same directory.
01-01 00:07:21.995     0     0 D KERNEL  : Modules linked in: iwlwifi(O) iwl_mac80211(O) hid_sensor_hub sens_col_core hid_heci_ish heci_ish heci vidt_driver rfkill_gpio pn544_nfc(C) iwl_cfg80211(O) lnp_ldisc hci_uart bluetooth atomisp_css2401a0_v21 lm3554 6lowpan_iphc 8250_dw videobuf_vmalloc ip6table_raw iptable_raw videobuf_core compat(O)
01-01 00:07:22.026     0     0 D KERNEL  : CPU: 3 PID: 1028 Comm: kworker/3:2 Tainted: G        WC O 3.14.25-x86_64-geb2dc6c-dirty #1
01-01 00:07:22.037     0     0 D KERNEL  : Hardware name: To be filled by O.E.M. To be filled by O.E.M./Aptio CRB, BIOS Barlow-99.02.03-W00 03/05/2015
01-01 00:07:22.049     0     0 D KERNEL  : Workqueue: workqueue_for_init workqueue_init_function [hid_heci_ish]
01-01 00:07:22.057     0     0 D KERNEL  :  0000000000000009 ffff880073f41830 ffffffff81adb713 ffff880073f41878
01-01 00:07:22.066     0     0 D KERNEL  :  ffff880073f41868 ffffffff8107ef0d ffff88006ebb9a88 00000000ffffffef
01-01 00:07:22.074     0     0 D KERNEL  :  ffff88006e410a98 ffff88006e410a98 ffff88006ea3e380 ffff880073f418c8
01-01 00:07:22.083     0     0 D KERNEL  : Call Trace:
01-01 00:07:22.086     0     0 D KERNEL  :  [<ffffffff81adb713>] dump_stack+0x4e/0x7a
01-01 00:07:22.092     0     0 D KERNEL  :  [<ffffffff8107ef0d>] warn_slowpath_common+0x7d/0xa0
01-01 00:07:22.098     0     0 D KERNEL  :  [<ffffffff8107ef7c>] warn_slowpath_fmt+0x4c/0x50
01-01 00:07:22.105     0     0 D KERNEL  :  [<ffffffff8121831e>] ? sysfs_create_dir_ns+0x8e/0xa0
01-01 00:07:22.112     0     0 D KERNEL  :  [<ffffffff8140d204>] kobject_add_internal+0x284/0x3f0
01-01 00:07:22.119     0     0 D KERNEL  :  [<ffffffff8140d3d0>] kobject_init_and_add+0x60/0x80
01-01 00:07:22.126     0     0 D KERNEL  :  [<ffffffff810b6b95>] ? set_next_entity+0x95/0xb0
01-01 00:07:22.132     0     0 D KERNEL  :  [<ffffffffa022f9d4>] add_senscol_sensor+0x174/0x230 [sens_col_core]
01-01 00:07:22.140     0     0 D KERNEL  :  [<ffffffff81415c61>] ? vsnprintf+0x1c1/0x610
01-01 00:07:22.147     0     0 D KERNEL  :  [<ffffffff81ae46ab>] ? __schedule+0x37b/0x7b0
01-01 00:07:22.153     0     0 D KERNEL  :  [<ffffffff81419beb>] ? kvasprintf+0x6b/0x80
01-01 00:07:22.159     0     0 D KERNEL  :  [<ffffffff8115fc9b>] ? krealloc+0x2b/0xa0
01-01 00:07:22.165     0     0 D KERNEL  :  [<ffffffffa023bb6b>] sensor_hub_probe+0x87b/0xfc0 [hid_sensor_hub]
01-01 00:07:22.173     0     0 D KERNEL  :  [<ffffffff81ae83a6>] ? _raw_spin_unlock_irqrestore+0x26/0x50
01-01 00:07:22.181     0     0 D KERNEL  :  [<ffffffff8140bf45>] ? ida_simple_get+0x85/0xf0
01-01 00:07:22.187     0     0 D KERNEL  :  [<ffffffff8189d8d5>] hid_device_probe+0xe5/0x160
01-01 00:07:22.194     0     0 D KERNEL  :  [<ffffffff815ebead>] driver_probe_device+0x12d/0x3d0
01-01 00:07:22.200     0     0 D KERNEL  :  [<ffffffff815ec150>] ? driver_probe_device+0x3d0/0x3d0
01-01 00:07:22.208     0     0 D KERNEL  :  [<ffffffff815ec18b>] __device_attach+0x3b/0x40
01-01 00:07:22.214     0     0 D KERNEL  :  [<ffffffff815e9f33>] bus_for_each_drv+0x63/0xa0
01-01 00:07:22.220     0     0 D KERNEL  :  [<ffffffff815ebd08>] device_attach+0x88/0xa0
01-01 00:07:18.876  2357  2357 I mediaserver: ServiceManager: 0xf6116d40
01-01 00:07:22.226     0     0 D KERNEL  :  [<ffffffff815eb118>] bus_probe_device+0x98/0xc0
01-01 00:07:22.233     0     0 D KERNEL  :  [<ffffffff815e9040>] device_add+0x4c0/0x600
01-01 00:07:18.885  2357  2357 I AudioFlinger: Using default 3000 mSec as standby time.
01-01 00:07:18.888  2357  2357 I ServiceManager: Waiting for service batterystats...
01-01 00:07:22.239     0     0 D KERNEL  :  [<ffffffff8189d601>] hid_add_device+0xd1/0x210
01-01 00:07:22.245     0     0 D KERNEL  :  [<ffffffffa022828f>] heci_hid_probe+0x9f/0xe0 [hid_heci_ish]
01-01 00:07:22.253     0     0 E KERNEL  : [drm:program_pfi_credits] *ERROR* cd clk < cz clk
01-01 00:07:22.253     0     0 W KERNEL  : ------------[ cut here ]------------
01-01 00:07:22.253     0     0 D KERNEL  :  [<ffffffffa022891e>] workqueue_init_function+0x5ce/0x690 [hid_heci_ish]
01-01 00:07:22.253     0     0 D KERNEL  :  [<ffffffff810c0c70>] ? abort_exclusive_wait+0xb0/0xb0
01-01 00:07:22.253     0     0 D KERNEL  :  [<ffffffff8109b0e1>] process_one_work+0x171/0x490
01-01 00:07:22.253     0     0 D KERNEL  :  [<ffffffff8109bdfb>] worker_thread+0x11b/0x3a0
01-01 00:07:22.253     0     0 D KERNEL  :  [<ffffffff8109bce0>] ? manage_workers.isra.27+0x2b0/0x2b0
01-01 00:07:22.253     0     0 D KERNEL  :  [<ffffffff810a1c02>] kthread+0xd2/0xf0
01-01 00:07:22.253     0     0 D KERNEL  :  [<ffffffff810a1b30>] ? kthread_create_on_node+0x170/0x170
01-01 00:07:22.253     0     0 D KERNEL  :  [<ffffffff81ae956c>] ret_from_fork+0x7c/0xb0
01-01 00:07:22.253     0     0 D KERNEL  :  [<ffffffff810a1b30>] ? kthread_create_on_node+0x170/0x170
01-01 00:07:22.253     0     0 W KERNEL  : ---[ end trace b4d9066645b2cd3f ]---
01-01 00:07:22.253     0     0 W KERNEL  : ------------[ cut here ]------------
01-01 00:07:22.253     0     0 W KERNEL  : WARNING: CPU: 3 PID: 1028 at ../../../../../../../kernel/gmin/fs/sysfs/dir.c:52 sysfs_warn_dup+0x86/0xa0()
01-01 00:07:22.253     0     0 W KERNEL  : sysfs: cannot create duplicate filename '/devices/platform/sensor_collection/sensor_10003_def/data_fields/data_orientation_magnetometer_accuracy'
01-01 00:07:22.253     0     0 D KERNEL  : Modules linked in: iwlwifi(O) iwl_mac80211(O) hid_sensor_hub sens_col_core hid_heci_ish heci_ish heci vidt_driver rfkill_gpio pn544_nfc(C) iwl_cfg80211(O) lnp_ldisc hci_uart bluetooth atomisp_css2401a0_v21 lm3554 6lowpan_iphc 8250_dw videobuf_vmalloc ip6table_raw iptable_raw videobuf_core compat(O)
01-01 00:07:22.253     0     0 D KERNEL  : CPU: 3 PID: 1028 Comm: kworker/3:2 Tainted: G        WC O 3.14.25-x86_64-geb2dc6c-dirty #1
01-01 00:07:22.253     0     0 D KERNEL  : Hardware name: To be filled by O.E.M. To be filled by O.E.M./Aptio CRB, BIOS Barlow-99.02.03-W00 03/05/2015
01-01 00:07:22.253     0     0 D KERNEL  : Workqueue: workqueue_for_init workqueue_init_function [hid_heci_ish]
01-01 00:07:22.253     0     0 D KERNEL  :  0000000000000009 ffff880073f417e0 ffffffff81adb713 ffff880073f41828
01-01 00:07:22.253     0     0 D KERNEL  :  ffff880073f41818 ffffffff8107ef0d ffff8800726ef000 ffff8800726ef000
01-01 00:07:22.253     0     0 D KERNEL  :  ffff88006ebb82e0 ffff88006e410a98 ffff88006ea3e380 ffff880073f41878
01-01 00:07:22.253     0     0 D KERNEL  : Call Trace:
01-01 00:07:22.253     0     0 D KERNEL  :  [<ffffffff81adb713>] dump_stack+0x4e/0x7a
01-01 00:07:22.253     0     0 D KERNEL  :  [<ffffffff8107ef0d>] warn_slowpath_common+0x7d/0xa0
01-01 00:07:22.253     0     0 D KERNEL  :  [<ffffffff8107ef7c>] warn_slowpath_fmt+0x4c/0x50
01-01 00:07:22.253     0     0 D KERNEL  :  [<ffffffff81218276>] sysfs_warn_dup+0x86/0xa0
01-01 00:07:22.253     0     0 D KERNEL  :  [<ffffffff8121831e>] sysfs_create_dir_ns+0x8e/0xa0
01-01 00:07:22.253     0     0 D KERNEL  :  [<ffffffff8140d044>] kobject_add_internal+0xc4/0x3f0
01-01 00:07:22.253     0     0 D KERNEL  :  [<ffffffff8140d3d0>] kobject_init_and_add+0x60/0x80
01-01 00:07:22.253     0     0 D KERNEL  :  [<ffffffff810b6b95>] ? set_next_entity+0x95/0xb0
01-01 00:07:22.253     0     0 D KERNEL  :  [<ffffffffa022f9d4>] add_senscol_sensor+0x174/0x230 [sens_col_core]
01-01 00:07:22.253     0     0 D KERNEL  :  [<ffffffff81415c61>] ? vsnprintf+0x1c1/0x610
01-01 00:07:22.253     0     0 D KERNEL  :  [<ffffffff81ae46ab>] ? __schedule+0x37b/0x7b0
01-01 00:07:22.253     0     0 D KERNEL  :  [<ffffffff81419beb>] ? kvasprintf+0x6b/0x80
01-01 00:07:22.253     0     0 D KERNEL  :  [<ffffffff8115fc9b>] ? krealloc+0x2b/0xa0
01-01 00:07:22.253     0     0 D KERNEL  :  [<ffffffffa023bb6b>] sensor_hub_probe+0x87b/0xfc0 [hid_sensor_hub]
01-01 00:07:22.253     0     0 D KERNEL  :  [<ffffffff81ae83a6>] ? _raw_spin_unlock_irqrestore+0x26/0x50
01-01 00:07:22.253     0     0 D KERNEL  :  [<ffffffff8140bf45>] ? ida_simple_get+0x85/0xf0
01-01 00:07:22.253     0     0 D KERNEL  :  [<ffffffff8189d8d5>] hid_device_probe+0xe5/0x160
01-01 00:07:22.253     0     0 D KERNEL  :  [<ffffffff815ebead>] driver_probe_device+0x12d/0x3d0
01-01 00:07:22.253     0     0 D KERNEL  :  [<ffffffff815ec150>] ? driver_probe_device+0x3d0/0x3d0
01-01 00:07:22.253     0     0 D KERNEL  :  [<ffffffff815ec18b>] __device_attach+0x3b/0x40
01-01 00:07:22.253     0     0 D KERNEL  :  [<ffffffff815e9f33>] bus_for_each_drv+0x63/0xa0
01-01 00:07:22.253     0     0 D KERNEL  :  [<ffffffff815ebd08>] device_attach+0x88/0xa0
01-01 00:07:22.253     0     0 D KERNEL  :  [<ffffffff815eb118>] bus_probe_device+0x98/0xc0
01-01 00:07:22.253     0     0 D KERNEL  :  [<ffffffff815e9040>] device_add+0x4c0/0x600
01-01 00:07:22.254     0     0 D KERNEL  :  [<ffffffff8189d601>] hid_add_device+0xd1/0x210
01-01 00:07:22.254     0     0 D KERNEL  :  [<ffffffffa022828f>] heci_hid_probe+0x9f/0xe0 [hid_heci_ish]
01-01 00:07:22.254     0     0 D KERNEL  :  [<ffffffffa022891e>] workqueue_init_function+0x5ce/0x690 [hid_heci_ish]
01-01 00:07:22.254     0     0 D KERNEL  :  [<ffffffff810c0c70>] ? abort_exclusive_wait+0xb0/0xb0
01-01 00:07:22.254     0     0 D KERNEL  :  [<ffffffff8109b0e1>] process_one_work+0x171/0x490
01-01 00:07:22.254     0     0 D KERNEL  :  [<ffffffff8109bdfb>] worker_thread+0x11b/0x3a0
01-01 00:07:22.254     0     0 D KERNEL  :  [<ffffffff8109bce0>] ? manage_workers.isra.27+0x2b0/0x2b0
01-01 00:07:22.254     0     0 D KERNEL  :  [<ffffffff810a1c02>] kthread+0xd2/0xf0
01-01 00:07:22.254     0     0 D KERNEL  :  [<ffffffff810a1b30>] ? kthread_create_on_node+0x170/0x170
01-01 00:07:22.254     0     0 D KERNEL  :  [<ffffffff81ae956c>] ret_from_fork+0x7c/0xb0
01-01 00:07:22.254     0     0 D KERNEL  :  [<ffffffff810a1b30>] ? kthread_create_on_node+0x170/0x170
01-01 00:07:22.254     0     0 W KERNEL  : ---[ end trace b4d9066645b2cd40 ]---
01-01 00:07:22.254     0     0 W KERNEL  : ------------[ cut here ]------------
01-01 00:07:22.254     0     0 W KERNEL  : WARNING: CPU: 3 PID: 1028 at ../../../../../../../kernel/gmin/lib/kobject.c:240 kobject_add_internal+0x284/0x3f0()
01-01 00:07:22.254     0     0 D KERNEL  : kobject_add_internal failed for data_orientation_magnetometer_accuracy with -EEXIST, don't try to register things with the same name in the same directory.
01-01 00:07:22.254     0     0 D KERNEL  : Modules linked in: iwlwifi(O) iwl_mac80211(O) hid_sensor_hub sens_col_core hid_heci_ish heci_ish heci vidt_driver rfkill_gpio pn544_nfc(C) iwl_cfg80211(O) lnp_ldisc hci_uart bluetooth atomisp_css2401a0_v21 lm3554 6lowpan_iphc 8250_dw videobuf_vmalloc ip6table_raw iptable_raw videobuf_core compat(O)
01-01 00:07:22.254     0     0 D KERNEL  : CPU: 3 PID: 1028 Comm: kworker/3:2 Tainted: G        WC O 3.14.25-x86_64-geb2dc6c-dirty #1
01-01 00:07:22.254     0     0 D KERNEL  : Hardware name: To be filled by O.E.M. To be filled by O.E.M./Aptio CRB, BIOS Barlow-99.02.03-W00 03/05/2015
01-01 00:07:22.254     0     0 D KERNEL  : Workqueue: workqueue_for_init workqueue_init_function [hid_heci_ish]
01-01 00:07:22.254     0     0 D KERNEL  :  0000000000000009 ffff880073f41830 ffffffff81adb713 ffff880073f41878
01-01 00:07:22.254     0     0 D KERNEL  :  ffff880073f41868 ffffffff8107ef0d ffff88006ebb9af0 00000000ffffffef
01-01 00:07:22.254     0     0 D KERNEL  :  ffff88006e410a98 ffff88006e410a98 ffff88006ea3e380 ffff880073f418c8
01-01 00:07:22.254     0     0 D KERNEL  : Call Trace:
01-01 00:07:22.254     0     0 D KERNEL  :  [<ffffffff81adb713>] dump_stack+0x4e/0x7a
01-01 00:07:22.254     0     0 D KERNEL  :  [<ffffffff8107ef0d>] warn_slowpath_common+0x7d/0xa0
01-01 00:07:22.254     0     0 D KERNEL  :  [<ffffffff8107ef7c>] warn_slowpath_fmt+0x4c/0x50
01-01 00:07:22.254     0     0 D KERNEL  :  [<ffffffff8121831e>] ? sysfs_create_dir_ns+0x8e/0xa0
01-01 00:07:22.254     0     0 D KERNEL  :  [<ffffffff8140d204>] kobject_add_internal+0x284/0x3f0
01-01 00:07:22.254     0     0 D KERNEL  :  [<ffffffff8140d3d0>] kobject_init_and_add+0x60/0x80
01-01 00:07:22.254     0     0 D KERNEL  :  [<ffffffff810b6b95>] ? set_next_entity+0x95/0xb0
01-01 00:07:22.254     0     0 D KERNEL  :  [<ffffffffa022f9d4>] add_senscol_sensor+0x174/0x230 [sens_col_core]
01-01 00:07:22.254     0     0 D KERNEL  :  [<ffffffff81415c61>] ? vsnprintf+0x1c1/0x610
01-01 00:07:22.254     0     0 D KERNEL  :  [<ffffffff81ae46ab>] ? __schedule+0x37b/0x7b0
01-01 00:07:22.254     0     0 D KERNEL  :  [<ffffffff81419beb>] ? kvasprintf+0x6b/0x80
01-01 00:07:22.254     0     0 D KERNEL  :  [<ffffffff8115fc9b>] ? krealloc+0x2b/0xa0
01-01 00:07:22.254     0     0 D KERNEL  :  [<ffffffffa023bb6b>] sensor_hub_probe+0x87b/0xfc0 [hid_sensor_hub]
01-01 00:07:22.254     0     0 D KERNEL  :  [<ffffffff81ae83a6>] ? _raw_spin_unlock_irqrestore+0x26/0x50
01-01 00:07:22.254     0     0 D KERNEL  :  [<ffffffff8140bf45>] ? ida_simple_get+0x85/0xf0
01-01 00:07:22.254     0     0 D KERNEL  :  [<ffffffff8189d8d5>] hid_device_probe+0xe5/0x160
01-01 00:07:22.254     0     0 D KERNEL  :  [<ffffffff815ebead>] driver_probe_device+0x12d/0x3d0
01-01 00:07:22.254     0     0 D KERNEL  :  [<ffffffff815ec150>] ? driver_probe_device+0x3d0/0x3d0
01-01 00:07:22.254     0     0 D KERNEL  :  [<ffffffff815ec18b>] __device_attach+0x3b/0x40
01-01 00:07:22.254     0     0 D KERNEL  :  [<ffffffff815e9f33>] bus_for_each_drv+0x63/0xa0
01-01 00:07:22.254     0     0 D KERNEL  :  [<ffffffff815ebd08>] device_attach+0x88/0xa0
01-01 00:07:22.254     0     0 D KERNEL  :  [<ffffffff815eb118>] bus_probe_device+0x98/0xc0
01-01 00:07:22.254     0     0 D KERNEL  :  [<ffffffff815e9040>] device_add+0x4c0/0x600
01-01 00:07:22.254     0     0 D KERNEL  :  [<ffffffff8189d601>] hid_add_device+0xd1/0x210
01-01 00:07:22.254     0     0 D KERNEL  :  [<ffffffffa022828f>] heci_hid_probe+0x9f/0xe0 [hid_heci_ish]
01-01 00:07:22.254     0     0 D KERNEL  :  [<ffffffffa022891e>] workqueue_init_function+0x5ce/0x690 [hid_heci_ish]
01-01 00:07:22.254     0     0 D KERNEL  :  [<ffffffff810c0c70>] ? abort_exclusive_wait+0xb0/0xb0
01-01 00:07:22.254     0     0 D KERNEL  :  [<ffffffff8109b0e1>] process_one_work+0x171/0x490
01-01 00:07:22.254     0     0 D KERNEL  :  [<ffffffff8109bdfb>] worker_thread+0x11b/0x3a0
01-01 00:07:22.254     0     0 D KERNEL  :  [<ffffffff8109bce0>] ? manage_workers.isra.27+0x2b0/0x2b0
01-01 00:07:22.254     0     0 D KERNEL  :  [<ffffffff810a1c02>] kthread+0xd2/0xf0
01-01 00:07:22.254     0     0 D KERNEL  :  [<ffffffff810a1b30>] ? kthread_create_on_node+0x170/0x170
01-01 00:07:22.254     0     0 D KERNEL  :  [<ffffffff81ae956c>] ret_from_fork+0x7c/0xb0
01-01 00:07:22.254     0     0 D KERNEL  :  [<ffffffff810a1b30>] ? kthread_create_on_node+0x170/0x170
01-01 00:07:22.254     0     0 W KERNEL  : ---[ end trace b4d9066645b2cd41 ]---
01-01 00:07:22.255     0     0 W KERNEL  : ------------[ cut here ]------------
01-01 00:07:22.255     0     0 W KERNEL  : WARNING: CPU: 3 PID: 1028 at ../../../../../../../kernel/gmin/fs/sysfs/dir.c:52 sysfs_warn_dup+0x86/0xa0()
01-01 00:07:22.255     0     0 W KERNEL  : sysfs: cannot create duplicate filename '/devices/platform/sensor_collection/sensor_10004_def/data_fields/data_orientation_magnetometer_accuracy'
01-01 00:07:22.255     0     0 D KERNEL  : Modules linked in: iwlwifi(O) iwl_mac80211(O) hid_sensor_hub sens_col_core hid_heci_ish heci_ish heci vidt_driver rfkill_gpio pn544_nfc(C) iwl_cfg80211(O) lnp_ldisc hci_uart bluetooth atomisp_css2401a0_v21 lm3554 6lowpan_iphc 8250_dw videobuf_vmalloc ip6table_raw iptable_raw videobuf_core compat(O)
01-01 00:07:22.255     0     0 D KERNEL  : CPU: 3 PID: 1028 Comm: kworker/3:2 Tainted: G        WC O 3.14.25-x86_64-geb2dc6c-dirty #1
01-01 00:07:22.255     0     0 D KERNEL  : Hardware name: To be filled by O.E.M. To be filled by O.E.M./Aptio CRB, BIOS Barlow-99.02.03-W00 03/05/2015
01-01 00:07:22.255     0     0 D KERNEL  : Workqueue: workqueue_for_init workqueue_init_function [hid_heci_ish]
01-01 00:07:22.255     0     0 D KERNEL  :  0000000000000009 ffff880073f417e0 ffffffff81adb713 ffff880073f41828
01-01 00:07:22.255     0     0 D KERNEL  :  ffff880073f41818 ffffffff8107ef0d ffff8800726ef000 ffff8800726ef000
01-01 00:07:22.255     0     0 D KERNEL  :  ffff8800726ed9e8 ffff88006e410898 ffff88006e30ba80 ffff880073f41878
01-01 00:07:22.255     0     0 D KERNEL  : Call Trace:
01-01 00:07:22.255     0     0 D KERNEL  :  [<ffffffff81adb713>] dump_stack+0x4e/0x7a
01-01 00:07:22.255     0     0 D KERNEL  :  [<ffffffff8107ef0d>] warn_slowpath_common+0x7d/0xa0
01-01 00:07:22.255     0     0 D KERNEL  :  [<ffffffff8107ef7c>] warn_slowpath_fmt+0x4c/0x50
01-01 00:07:22.255     0     0 D KERNEL  :  [<ffffffff81218276>] sysfs_warn_dup+0x86/0xa0
01-01 00:07:22.255     0     0 D KERNEL  :  [<ffffffff8121831e>] sysfs_create_dir_ns+0x8e/0xa0
01-01 00:07:22.255     0     0 D KERNEL  :  [<ffffffff8140d044>] kobject_add_internal+0xc4/0x3f0
01-01 00:07:22.255     0     0 D KERNEL  :  [<ffffffff8140d3d0>] kobject_init_and_add+0x60/0x80
01-01 00:07:22.255     0     0 D KERNEL  :  [<ffffffff810b6b95>] ? set_next_entity+0x95/0xb0
01-01 00:07:22.255     0     0 D KERNEL  :  [<ffffffffa022f9d4>] add_senscol_sensor+0x174/0x230 [sens_col_core]
01-01 00:07:22.255     0     0 D KERNEL  :  [<ffffffff81415c61>] ? vsnprintf+0x1c1/0x610
01-01 00:07:22.255     0     0 D KERNEL  :  [<ffffffff81ae46ab>] ? __schedule+0x37b/0x7b0
01-01 00:07:22.255     0     0 D KERNEL  :  [<ffffffff81419beb>] ? kvasprintf+0x6b/0x80
01-01 00:07:22.255     0     0 D KERNEL  :  [<ffffffff8115fc9b>] ? krealloc+0x2b/0xa0
01-01 00:07:22.255     0     0 D KERNEL  :  [<ffffffffa023bb6b>] sensor_hub_probe+0x87b/0xfc0 [hid_sensor_hub]
01-01 00:07:22.255     0     0 D KERNEL  :  [<ffffffff81ae83a6>] ? _raw_spin_unlock_irqrestore+0x26/0x50
01-01 00:07:22.255     0     0 D KERNEL  :  [<ffffffff8140bf45>] ? ida_simple_get+0x85/0xf0
01-01 00:07:22.255     0     0 D KERNEL  :  [<ffffffff8189d8d5>] hid_device_probe+0xe5/0x160
01-01 00:07:22.255     0     0 D KERNEL  :  [<ffffffff815ebead>] driver_probe_device+0x12d/0x3d0
01-01 00:07:22.255     0     0 D KERNEL  :  [<ffffffff815ec150>] ? driver_probe_device+0x3d0/0x3d0
01-01 00:07:22.255     0     0 D KERNEL  :  [<ffffffff815ec18b>] __device_attach+0x3b/0x40
01-01 00:07:22.255     0     0 D KERNEL  :  [<ffffffff815e9f33>] bus_for_each_drv+0x63/0xa0
01-01 00:07:22.255     0     0 D KERNEL  :  [<ffffffff815ebd08>] device_attach+0x88/0xa0
01-01 00:07:22.255     0     0 D KERNEL  :  [<ffffffff815eb118>] bus_probe_device+0x98/0xc0
01-01 00:07:22.255     0     0 D KERNEL  :  [<ffffffff815e9040>] device_add+0x4c0/0x600
01-01 00:07:22.255     0     0 D KERNEL  :  [<ffffffff8189d601>] hid_add_device+0xd1/0x210
01-01 00:07:22.255     0     0 D KERNEL  :  [<ffffffffa022828f>] heci_hid_probe+0x9f/0xe0 [hid_heci_ish]
01-01 00:07:22.255     0     0 D KERNEL  :  [<ffffffffa022891e>] workqueue_init_function+0x5ce/0x690 [hid_heci_ish]
